21:35:26 **** Build of configuration Debug for project pwm_AXI_tutorial ****
make pre-build main-build 
a9-linaro-pre-build-step
 
Building file: ../src/main.c
Invoking: ARM v7 gcc compiler
arm-none-eabi-gcc -Wall -O0 -g3 -c -fmessage-length=0 -MT"src/main.o" -mcpu=cortex-a9 -mfpu=vfpv3 -mfloat-abi=hard -I../../pwm_AXI_tutorial_bsp/ps7_cortexa9_0/include -MMD -MP -MF"src/main.d" -MT"src/main.o" -o "src/main.o" "../src/main.c"
Finished building: ../src/main.c
 
Building file: ../src/platform.c
Invoking: ARM v7 gcc compiler
arm-none-eabi-gcc -Wall -O0 -g3 -c -fmessage-length=0 -MT"src/platform.o" -mcpu=cortex-a9 -mfpu=vfpv3 -mfloat-abi=hard -I../../pwm_AXI_tutorial_bsp/ps7_cortexa9_0/include -MMD -MP -MF"src/platform.d" -MT"src/platform.o" -o "src/platform.o" "../src/platform.c"
Finished building: ../src/platform.c
 
Building target: pwm_AXI_tutorial.elf
Invoking: ARM v7 gcc linker
arm-none-eabi-gcc -mcpu=cortex-a9 -mfpu=vfpv3 -mfloat-abi=hard -Wl,-build-id=none -specs=Xilinx.spec -Wl,-T -Wl,../src/lscript.ld -L../../pwm_AXI_tutorial_bsp/ps7_cortexa9_0/lib -o "pwm_AXI_tutorial.elf"  ./src/main.o ./src/platform.o   -Wl,--start-group,-lxil,-lgcc,-lc,--end-group
Finished building target: pwm_AXI_tutorial.elf
 
Invoking: ARM v7 Print Size
arm-none-eabi-size pwm_AXI_tutorial.elf  |tee "pwm_AXI_tutorial.elf.size"
   text	   data	    bss	    dec	    hex	filename
  22244	   1144	  22568	  45956	   b384	pwm_AXI_tutorial.elf
Finished building: pwm_AXI_tutorial.elf.size
 

21:35:27 Build Finished (took 219ms)

