#-----------------------------------------------------------
# Vivado v2018.3 (64-bit)
# SW Build 2405991 on Thu Dec  6 23:36:41 MST 2018
# IP Build 2404404 on Fri Dec  7 01:43:56 MST 2018
# Start of session at: Sun Feb 28 17:19:31 2021
# Process ID: 28004
# Current directory: /home/cmcnally/Repos/robotic-arm-control-system-analysis/vivado/lidar_arm_control/bare_metal_system/bare_metal_system.runs/impl_1
# Command line: vivado -log lidar_arm_control_wrapper.vdi -applog -product Vivado -messageDb vivado.pb -mode batch -source lidar_arm_control_wrapper.tcl -notrace
# Log file: /home/cmcnally/Repos/robotic-arm-control-system-analysis/vivado/lidar_arm_control/bare_metal_system/bare_metal_system.runs/impl_1/lidar_arm_control_wrapper.vdi
# Journal file: /home/cmcnally/Repos/robotic-arm-control-system-analysis/vivado/lidar_arm_control/bare_metal_system/bare_metal_system.runs/impl_1/vivado.jou
#-----------------------------------------------------------
source lidar_arm_control_wrapper.tcl -notrace
