#-----------------------------------------------------------
# Vivado v2018.3 (64-bit)
# SW Build 2405991 on Thu Dec  6 23:36:41 MST 2018
# IP Build 2404404 on Fri Dec  7 01:43:56 MST 2018
# Start of session at: Wed Mar 31 17:39:04 2021
# Process ID: 13428
# Current directory: /home/cmcnally/Repos/robotic-arm-control-system-analysis/vivado/lidar_arm_control/hardware_offload_system_2/hardware_system.runs/lidar_arm_control_auto_pc_1_synth_1
# Command line: vivado -log lidar_arm_control_auto_pc_1.vds -product Vivado -mode batch -messageDb vivado.pb -notrace -source lidar_arm_control_auto_pc_1.tcl
# Log file: /home/cmcnally/Repos/robotic-arm-control-system-analysis/vivado/lidar_arm_control/hardware_offload_system_2/hardware_system.runs/lidar_arm_control_auto_pc_1_synth_1/lidar_arm_control_auto_pc_1.vds
# Journal file: /home/cmcnally/Repos/robotic-arm-control-system-analysis/vivado/lidar_arm_control/hardware_offload_system_2/hardware_system.runs/lidar_arm_control_auto_pc_1_synth_1/vivado.jou
#-----------------------------------------------------------
source lidar_arm_control_auto_pc_1.tcl -notrace
