logic__611: 
address_decoder: 
reg__22: 
pselect_f__parameterized3: 
logic__607: 
logic__588: 
signinv__1: 
logic__288: 
logic__464: 
logic__681: 
logic__408: 
logic__550: 
logic__296: 
logic__704: 
logic__698: 
logic__580: 
logic__589: 
case__45: 
logic__533: 
cdc_sync: 
logic__352: 
logic__80: 
logic__547: 
logic__659: 
logic__603: 
reg__20: 
reg__12: 
logic__680: 
logic__548: 
logic__531: 
logic__512: 
reg__17: 
reg__15: 
tc_core: 
logic__472: 
counter: 
logic__456: 
reg__5: 
case__9: 
reg__25: 
case__46: 
logic__112: 
logic__392: 
case__22: 
logic__703: 
pselect_f__parameterized4: 
logic__702: 
case__16: 
logic__641: 
counter_f: 
slave_attachment: 
logic__608: 
logic__515: 
logic__232: 
logic__16: 
reg__16: 
case: 
logic__691: 
logic__521: 
logic__376: 
logic__240: 
logic__344: 
case__4: 
case__26: 
case__20: 
logic__488: 
reg__8: 
axi_timer: 
logic__176: 
logic__695: 
timer_control: 
logic__184: 
logic__72: 
logic__24: 
reg__18: 
logic__480: 
reg__4: 
case__56: 
logic__664: 
logic__634: 
case__54: 
pselect_f__parameterized5: 
us_arm_control_system_axi_timer_0_0: 
logic__40: 
reg__33: 
reg__35: 
logic__699: 
logic__144: 
logic__557: 
logic__200: 
reg__28: 
logic__160: 
logic__568: 
logic__96: 
logic__654: 
logic__518: 
reg__29: 
reg__23: 
reg__2: 
case__10: 
logic__648: 
count_module: 
logic__128: 
logic__416: 
logic__360: 
logic__564: 
logic__558: 
logic__618: 
reg__3: 
case__14: 
logic__737: 
logic__504: 
logic__496: 
logic__104: 
logic__312: 
logic__8: 
reg__21: 
logic__595: 
logic__543: 
reg__11: 
logic__368: 
logic__192: 
case__17: 
reg__1: 
reg__27: 
logic__596: 
reg__38: 
reg__10: 
logic__524: 
datapath__1: 
logic__248: 
logic__582: 
logic__619: 
case__5: 
case__15: 
pselect_f__parameterized2: 
logic__424: 
reg__37: 
logic__656: 
logic__120: 
logic__32: 
case__25: 
reg__13: 
reg__36: 
logic__64: 
logic__549: 
logic__320: 
reg__14: 
logic__168: 
logic__432: 
mux_onehot_f: 
logic__631: 
logic__527: 
logic__575: 
logic__280: 
logic__741: 
logic__621: 
logic__400: 
logic__642: 
logic__635: 
case__27: 
reg__24: 
reg__32: 
case__51: 
logic__597: 
pselect_f__parameterized1: 
logic__670: 
addsub: 
logic__532: 
logic__136: 
case__53: 
case__21: 
logic__606: 
logic__264: 
logic__694: 
logic__56: 
logic__740: 
case__7: 
reg__26: 
logic__440: 
logic__336: 
logic__208: 
logic: 
reg__19: 
axi_lite_ipif: 
logic__272: 
datapath: 
logic__742: 
logic__655: 
logic__224: 
logic__530: 
reg__7: 
case__3: 
logic__653: 
logic__565: 
logic__643: 
reg__9: 
pselect_f: 
case__18: 
logic__256: 
case__19: 
logic__627: 
logic__556: 
pselect_f__parameterized6: 
logic__708: 
logic__585: 
logic__581: 
logic__88: 
logic__569: 
logic__583: 
logic__304: 
reg__6: 
case__11: 
logic__692: 
logic__152: 
logic__667: 
logic__630: 
logic__617: 
case__52: 
logic__48: 
case__1: 
logic__538: 
reg: 
case__55: 
case__8: 
case__44: 
logic__574: 
logic__448: 
muxpart: 
logic__584: 
logic__620: 
logic__216: 
pselect_f__parameterized0: 
signinv: 
case__6: 
logic__743: 
reg__34: 
logic__328: 
logic__384: 
case__13: 
