15:04:30 **** Auto Build of configuration Debug for project us_arm_control_system_freertos ****
make pre-build main-build 
a9-linaro-pre-build-step
 
Building file: ../src/main.c
Invoking: ARM v7 gcc compiler
arm-none-eabi-gcc -Wall -O0 -g3 -c -fmessage-length=0 -MT"src/main.o" -mcpu=cortex-a9 -mfpu=vfpv3 -mfloat-abi=hard -I../../us_arm_control_system_freertos_bsp/ps7_cortexa9_0/include -MMD -MP -MF"src/main.d" -MT"src/main.o" -o "src/main.o" "../src/main.c"
../src/main.c: In function 'TmrCtrPwmConfig':
../src/main.c:818:6: warning: unused variable 'NoOfCycles' [-Wunused-variable]
  u8  NoOfCycles;
      ^~~~~~~~~~
../src/main.c:817:6: warning: variable 'DutyCycle' set but not used [-Wunused-but-set-variable]
  u8  DutyCycle;
      ^~~~~~~~~
At top level:
../src/main.c:502:6: warning: 'ultrasonicDetection3' defined but not used [-Wunused-function]
 void ultrasonicDetection3( void *pvParameters ){
      ^~~~~~~~~~~~~~~~~~~~
../src/main.c:455:6: warning: 'ultrasonicDetection2' defined but not used [-Wunused-function]
 void ultrasonicDetection2( void *pvParameters ){
      ^~~~~~~~~~~~~~~~~~~~
../src/main.c:408:6: warning: 'ultrasonicDetection1' defined but not used [-Wunused-function]
 void ultrasonicDetection1( void *pvParameters ){
      ^~~~~~~~~~~~~~~~~~~~
../src/main.c:67:21: warning: 'xUltrDetc3' defined but not used [-Wunused-variable]
 static TaskHandle_t xUltrDetc3;
                     ^~~~~~~~~~
../src/main.c:66:21: warning: 'xUltrDetc2' defined but not used [-Wunused-variable]
 static TaskHandle_t xUltrDetc2;
                     ^~~~~~~~~~
../src/main.c:65:21: warning: 'xUltrDetc1' defined but not used [-Wunused-variable]
 static TaskHandle_t xUltrDetc1;
                     ^~~~~~~~~~
Finished building: ../src/main.c
 
Building target: us_arm_control_system_freertos.elf
Invoking: ARM v7 gcc linker
arm-none-eabi-gcc -mcpu=cortex-a9 -mfpu=vfpv3 -mfloat-abi=hard -Wl,-build-id=none -specs=Xilinx.spec -Wl,-T -Wl,../src/lscript.ld -L../../us_arm_control_system_freertos_bsp/ps7_cortexa9_0/lib -o "us_arm_control_system_freertos.elf"  ./src/main.o   -Wl,--start-group,-lxil,-lfreertos,-lgcc,-lc,--end-group
Finished building target: us_arm_control_system_freertos.elf
 
Invoking: ARM v7 Print Size
arm-none-eabi-size us_arm_control_system_freertos.elf  |tee "us_arm_control_system_freertos.elf.size"
   text	   data	    bss	    dec	    hex	filename
 123472	   3444	  89584	 216500	  34db4	us_arm_control_system_freertos.elf
Finished building: us_arm_control_system_freertos.elf.size
 

15:04:30 Build Finished (took 212ms)

