#-----------------------------------------------------------
# Vivado v2018.3 (64-bit)
# SW Build 2405991 on Thu Dec  6 23:36:41 MST 2018
# IP Build 2404404 on Fri Dec  7 01:43:56 MST 2018
# Start of session at: Thu Mar 25 19:41:46 2021
# Process ID: 31482
# Current directory: /home/cmcnally/Repos/robotic-arm-control-system-analysis/vivado/lidar_arm_control/hardware_system/arm_control_system/arm_control_system.runs/impl_1
# Command line: vivado -log arm_control_system.vdi -applog -product Vivado -messageDb vivado.pb -mode batch -source arm_control_system.tcl -notrace
# Log file: /home/cmcnally/Repos/robotic-arm-control-system-analysis/vivado/lidar_arm_control/hardware_system/arm_control_system/arm_control_system.runs/impl_1/arm_control_system.vdi
# Journal file: /home/cmcnally/Repos/robotic-arm-control-system-analysis/vivado/lidar_arm_control/hardware_system/arm_control_system/arm_control_system.runs/impl_1/vivado.jou
#-----------------------------------------------------------
source arm_control_system.tcl -notrace
