23:49:06 **** Build of configuration Debug for project lidar_xuartlite_intr_example ****
make pre-build main-build 
a9-linaro-pre-build-step
 
Building file: ../src/RPLidar.c
Invoking: ARM v7 gcc compiler
arm-none-eabi-gcc -Wall -O0 -g3 -c -fmessage-length=0 -MT"src/RPLidar.o" -mcpu=cortex-a9 -mfpu=vfpv3 -mfloat-abi=hard -I../../helloworld_bsp/ps7_cortexa9_0/include -MMD -MP -MF"src/RPLidar.d" -MT"src/RPLidar.o" -o "src/RPLidar.o" "../src/RPLidar.c"
Finished building: ../src/RPLidar.c
 
Building file: ../src/main.c
Invoking: ARM v7 gcc compiler
arm-none-eabi-gcc -Wall -O0 -g3 -c -fmessage-length=0 -MT"src/main.o" -mcpu=cortex-a9 -mfpu=vfpv3 -mfloat-abi=hard -I../../helloworld_bsp/ps7_cortexa9_0/include -MMD -MP -MF"src/main.d" -MT"src/main.o" -o "src/main.o" "../src/main.c"
../src/main.c: In function 'UartLiteIntrExample':
../src/main.c:234:6: warning: unused variable 'Index' [-Wunused-variable]
  u32 Index;
      ^~~~~
Finished building: ../src/main.c
 
Building target: lidar_xuartlite_intr_example.elf
Invoking: ARM v7 gcc linker
arm-none-eabi-gcc -mcpu=cortex-a9 -mfpu=vfpv3 -mfloat-abi=hard -Wl,-build-id=none -specs=Xilinx.spec -Wl,-T -Wl,../src/lscript.ld -L../../helloworld_bsp/ps7_cortexa9_0/lib -o "lidar_xuartlite_intr_example.elf"  ./src/RPLidar.o ./src/main.o   -Wl,--start-group,-lxil,-lgcc,-lc,--end-group
Finished building target: lidar_xuartlite_intr_example.elf
 
Invoking: ARM v7 Print Size
arm-none-eabi-size lidar_xuartlite_intr_example.elf  |tee "lidar_xuartlite_intr_example.elf.size"
   text	   data	    bss	    dec	    hex	filename
  29612	   1936	  24696	  56244	   dbb4	lidar_xuartlite_intr_example.elf
Finished building: lidar_xuartlite_intr_example.elf.size
 

23:49:06 Build Finished (took 265ms)

