16:30:05 **** Auto Build of configuration Debug for project lidar_arm_control_bsp_xuartlite_intr_tapp_example_1 ****
make pre-build main-build 
a9-linaro-pre-build-step
 
Building file: ../src/xuartlite_lidar_example.c
Invoking: ARM v7 gcc compiler
arm-none-eabi-gcc -Wall -O0 -g3 -c -fmessage-length=0 -MT"src/xuartlite_lidar_example.o" -mcpu=cortex-a9 -mfpu=vfpv3 -mfloat-abi=hard -I../../lidar_arm_control_bsp/ps7_cortexa9_0/include -MMD -MP -MF"src/xuartlite_lidar_example.d" -MT"src/xuartlite_lidar_example.o" -o "src/xuartlite_lidar_example.o" "../src/xuartlite_lidar_example.c"
../src/xuartlite_lidar_example.c: In function 'UartLiteIntrExample':
../src/xuartlite_lidar_example.c:313:7: warning: unused variable 'first_angle' [-Wunused-variable]
   int first_angle = 0;
       ^~~~~~~~~~~
../src/xuartlite_lidar_example.c:235:6: warning: unused variable 'Index' [-Wunused-variable]
  u32 Index;
      ^~~~~
Finished building: ../src/xuartlite_lidar_example.c
 
Building target: lidar_arm_control_bsp_xuartlite_intr_tapp_example_1.elf
Invoking: ARM v7 gcc linker
arm-none-eabi-gcc -mcpu=cortex-a9 -mfpu=vfpv3 -mfloat-abi=hard -Wl,-build-id=none -specs=Xilinx.spec -Wl,-T -Wl,../src/lscript.ld -L../../lidar_arm_control_bsp/ps7_cortexa9_0/lib -o "lidar_arm_control_bsp_xuartlite_intr_tapp_example_1.elf"  ./src/xuartlite_lidar_example.o   -Wl,--start-group,-lxil,-lgcc,-lc,--end-group
Finished building target: lidar_arm_control_bsp_xuartlite_intr_tapp_example_1.elf
 
Invoking: ARM v7 Print Size
arm-none-eabi-size lidar_arm_control_bsp_xuartlite_intr_tapp_example_1.elf  |tee "lidar_arm_control_bsp_xuartlite_intr_tapp_example_1.elf.size"
   text	   data	    bss	    dec	    hex	filename
  29576	   1936	  24696	  56208	   db90	lidar_arm_control_bsp_xuartlite_intr_tapp_example_1.elf
Finished building: lidar_arm_control_bsp_xuartlite_intr_tapp_example_1.elf.size
 

16:30:05 Build Finished (took 282ms)

