22:29:49 **** Build of configuration Debug for project pwm_example ****
make pre-build main-build 
a9-linaro-pre-build-step
 
Building file: ../src/xtmrctr_pwm_example.c
Invoking: ARM v7 gcc compiler
arm-none-eabi-gcc -Wall -O0 -g3 -c -fmessage-length=0 -MT"src/xtmrctr_pwm_example.o" -mcpu=cortex-a9 -mfpu=vfpv3 -mfloat-abi=hard -I../../us_arm_control_bsp/ps7_cortexa9_0/include -MMD -MP -MF"src/xtmrctr_pwm_example.d" -MT"src/xtmrctr_pwm_example.o" -o "src/xtmrctr_pwm_example.o" "../src/xtmrctr_pwm_example.c"
Finished building: ../src/xtmrctr_pwm_example.c
 
Building target: pwm_example.elf
Invoking: ARM v7 gcc linker
arm-none-eabi-gcc -mcpu=cortex-a9 -mfpu=vfpv3 -mfloat-abi=hard -Wl,-build-id=none -specs=Xilinx.spec -Wl,-T -Wl,../src/lscript.ld -L../../us_arm_control_bsp/ps7_cortexa9_0/lib -o "pwm_example.elf"  ./src/xtmrctr_pwm_example.o   -Wl,--start-group,-lxil,-lgcc,-lc,--end-group
Finished building target: pwm_example.elf
 
Invoking: ARM v7 Print Size
arm-none-eabi-size pwm_example.elf  |tee "pwm_example.elf.size"
   text	   data	    bss	    dec	    hex	filename
  30940	   1976	  22648	  55564	   d90c	pwm_example.elf
Finished building: pwm_example.elf.size
 

22:29:49 Build Finished (took 175ms)

