#-----------------------------------------------------------
# Vivado v2018.3 (64-bit)
# SW Build 2405991 on Thu Dec  6 23:36:41 MST 2018
# IP Build 2404404 on Fri Dec  7 01:43:56 MST 2018
# Start of session at: Mon Apr 12 20:05:52 2021
# Process ID: 14599
# Current directory: /home/cmcnally/Repos/robotic-arm-control-system-analysis/vivado/lidar_arm_control/hardware_system/arm_control_system/arm_control_system.runs/synth_1
# Command line: vivado -log top_level_wrapper.vds -product Vivado -mode batch -messageDb vivado.pb -notrace -source top_level_wrapper.tcl
# Log file: /home/cmcnally/Repos/robotic-arm-control-system-analysis/vivado/lidar_arm_control/hardware_system/arm_control_system/arm_control_system.runs/synth_1/top_level_wrapper.vds
# Journal file: /home/cmcnally/Repos/robotic-arm-control-system-analysis/vivado/lidar_arm_control/hardware_system/arm_control_system/arm_control_system.runs/synth_1/vivado.jou
#-----------------------------------------------------------
source top_level_wrapper.tcl -notrace
