Copyright 1986-2018 Xilinx, Inc. All Rights Reserved.
---------------------------------------------------------------------------------------------------
| Tool Version : Vivado v.2018.3 (lin64) Build 2405991 Thu Dec  6 23:36:41 MST 2018
| Date         : Tue Feb  2 23:01:55 2021
| Host         : noodle-box running 64-bit Ubuntu 18.04.5 LTS
| Command      : report_control_sets -verbose -file us_arm_control_wrapper_control_sets_placed.rpt
| Design       : us_arm_control_wrapper
| Device       : xc7z020
---------------------------------------------------------------------------------------------------

Control Set Information

Table of Contents
-----------------
1. Summary
2. Histogram
3. Flip-Flop Distribution
4. Detailed Control Set Information

1. Summary
----------

+----------------------------------------------------------+-------+
|                          Status                          | Count |
+----------------------------------------------------------+-------+
| Number of unique control sets                            |     4 |
| Unused register locations in slices containing registers |    16 |
+----------------------------------------------------------+-------+


2. Histogram
------------

+--------+--------------+
| Fanout | Control Sets |
+--------+--------------+
|      1 |            2 |
|    16+ |            2 |
+--------+--------------+


3. Flip-Flop Distribution
-------------------------

+--------------+-----------------------+------------------------+-----------------+--------------+
| Clock Enable | Synchronous Set/Reset | Asynchronous Set/Reset | Total Registers | Total Slices |
+--------------+-----------------------+------------------------+-----------------+--------------+
| No           | No                    | No                     |               2 |            2 |
| No           | No                    | Yes                    |             110 |           29 |
| No           | Yes                   | No                     |              64 |           17 |
| Yes          | No                    | No                     |               0 |            0 |
| Yes          | No                    | Yes                    |               0 |            0 |
| Yes          | Yes                   | No                     |               0 |            0 |
+--------------+-----------------------+------------------------+-----------------+--------------+


4. Detailed Control Set Information
-----------------------------------

+-------------------------------+---------------+----------------------------------------------------+------------------+----------------+
|          Clock Signal         | Enable Signal |                  Set/Reset Signal                  | Slice Load Count | Bel Load Count |
+-------------------------------+---------------+----------------------------------------------------+------------------+----------------+
|  us_sensor_i/trig_reg_i_2_n_0 |               |                                                    |                1 |              1 |
|  clk_IBUF_BUFG                |               |                                                    |                1 |              1 |
|  clk_IBUF_BUFG                |               | arm_controller_i/counter_i/counter_out[63]_i_1_n_0 |               17 |             64 |
|  clk_IBUF_BUFG                |               | reset_IBUF                                         |               29 |            110 |
+-------------------------------+---------------+----------------------------------------------------+------------------+----------------+


