23:46:13 **** Auto Build of configuration Debug for project lidar_arm_control ****
make pre-build main-build 
a9-linaro-pre-build-step
 
Building file: ../src/freertos_main.c
Invoking: ARM v7 gcc compiler
arm-none-eabi-gcc -Wall -O0 -g3 -c -fmessage-length=0 -MT"src/freertos_main.o" -mcpu=cortex-a9 -mfpu=vfpv3 -mfloat-abi=hard -I../../lidar_arm_control_bsp/ps7_cortexa9_0/include -MMD -MP -MF"src/freertos_main.d" -MT"src/freertos_main.o" -o "src/freertos_main.o" "../src/freertos_main.c"
../src/freertos_main.c: In function 'TmrCtrPwmConfig':
../src/freertos_main.c:1126:6: warning: variable 'DutyCycle' set but not used [-Wunused-but-set-variable]
  u8  DutyCycle;
      ^~~~~~~~~
Finished building: ../src/freertos_main.c
 
Building target: lidar_arm_control.elf
Invoking: ARM v7 gcc linker
arm-none-eabi-gcc -mcpu=cortex-a9 -mfpu=vfpv3 -mfloat-abi=hard -Wl,-build-id=none -specs=Xilinx.spec -Wl,-T -Wl,../src/lscript.ld -L../../lidar_arm_control_bsp/ps7_cortexa9_0/lib -o "lidar_arm_control.elf"  ./src/freertos_main.o   -Wl,--start-group,-lxil,-lfreertos,-lgcc,-lc,--end-group
Finished building target: lidar_arm_control.elf
 
Invoking: ARM v7 Print Size
arm-none-eabi-size lidar_arm_control.elf  |tee "lidar_arm_control.elf.size"
   text	   data	    bss	    dec	    hex	filename
 103704	   3468	  91728	 198900	  308f4	lidar_arm_control.elf
Finished building: lidar_arm_control.elf.size
 

23:46:13 Build Finished (took 401ms)

