17:44:49 **** Auto Build of configuration Debug for project pwm_servo_bsp_xtmrctr_pwm_example_1 ****
make pre-build main-build 
a9-linaro-pre-build-step
 
Building file: ../src/xtmrctr_pwm_example.c
Invoking: ARM v7 gcc compiler
arm-none-eabi-gcc -Wall -O0 -g3 -c -fmessage-length=0 -MT"src/xtmrctr_pwm_example.o" -mcpu=cortex-a9 -mfpu=vfpv3 -mfloat-abi=hard -I../../pwm_servo_bsp/ps7_cortexa9_0/include -MMD -MP -MF"src/xtmrctr_pwm_example.d" -MT"src/xtmrctr_pwm_example.o" -o "src/xtmrctr_pwm_example.o" "../src/xtmrctr_pwm_example.c"
Finished building: ../src/xtmrctr_pwm_example.c
 
Building target: pwm_servo_bsp_xtmrctr_pwm_example_1.elf
Invoking: ARM v7 gcc linker
arm-none-eabi-gcc -mcpu=cortex-a9 -mfpu=vfpv3 -mfloat-abi=hard -Wl,-build-id=none -specs=Xilinx.spec -Wl,-T -Wl,../src/lscript.ld -L../../pwm_servo_bsp/ps7_cortexa9_0/lib -o "pwm_servo_bsp_xtmrctr_pwm_example_1.elf"  ./src/xtmrctr_pwm_example.o   -Wl,--start-group,-lxil,-lgcc,-lc,--end-group
Finished building target: pwm_servo_bsp_xtmrctr_pwm_example_1.elf
 
Invoking: ARM v7 Print Size
arm-none-eabi-size pwm_servo_bsp_xtmrctr_pwm_example_1.elf  |tee "pwm_servo_bsp_xtmrctr_pwm_example_1.elf.size"
   text	   data	    bss	    dec	    hex	filename
  30940	   1976	  22648	  55564	   d90c	pwm_servo_bsp_xtmrctr_pwm_example_1.elf
Finished building: pwm_servo_bsp_xtmrctr_pwm_example_1.elf.size
 

17:44:50 Build Finished (took 223ms)

