#-----------------------------------------------------------
# Vivado v2018.3 (64-bit)
# SW Build 2405991 on Thu Dec  6 23:36:41 MST 2018
# IP Build 2404404 on Fri Dec  7 01:43:56 MST 2018
# Start of session at: Sat Feb 20 22:01:20 2021
# Process ID: 5706
# Current directory: /home/cmcnally/Repos/robotic_arm_control_system_analysis/vivado
# Command line: vivado
# Log file: /home/cmcnally/Repos/robotic_arm_control_system_analysis/vivado/vivado.log
# Journal file: /home/cmcnally/Repos/robotic_arm_control_system_analysis/vivado/vivado.jou
#-----------------------------------------------------------
start_gui
open_project /home/cmcnally/Repos/robotic_arm_control_system_analysis/vivado/lidar_arm_control/bare_metal_system/bare_metal_system.xpr
update_compile_order -fileset sources_1
open_bd_design {/home/cmcnally/Repos/robotic_arm_control_system_analysis/vivado/lidar_arm_control/bare_metal_system/bare_metal_system.srcs/sources_1/bd/lidar_arm_control/lidar_arm_control.bd}
launch_sdk -workspace /home/cmcnally/Repos/robotic_arm_control_system_analysis/vivado/lidar_arm_control/bare_metal_system/bare_metal_system.sdk -hwspec /home/cmcnally/Repos/robotic_arm_control_system_analysis/vivado/lidar_arm_control/bare_metal_system/bare_metal_system.sdk/lidar_arm_control_wrapper.hdf
