#-----------------------------------------------------------
# Vivado v2018.3 (64-bit)
# SW Build 2405991 on Thu Dec  6 23:36:41 MST 2018
# IP Build 2404404 on Fri Dec  7 01:43:56 MST 2018
# Start of session at: Tue Mar 30 09:40:13 2021
# Process ID: 30301
# Current directory: /home/cmcnally/Repos/robotic-arm-control-system-analysis/vivado
# Command line: vivado
# Log file: /home/cmcnally/Repos/robotic-arm-control-system-analysis/vivado/vivado.log
# Journal file: /home/cmcnally/Repos/robotic-arm-control-system-analysis/vivado/vivado.jou
#-----------------------------------------------------------
start_gui
create_project hex_calculator /home/cmcnally/Repos/digital-design-projects/integrated-systems-design/Hex_Calculator/hex_calculator -part xc7a35tcpg236-1
set_property board_part digilentinc.com:basys3:part0:1.1 [current_project]
file mkdir /home/cmcnally/Repos/digital-design-projects/integrated-systems-design/Hex_Calculator/hex_calculator/hex_calculator.srcs/sources_1/new
close [ open /home/cmcnally/Repos/digital-design-projects/integrated-systems-design/Hex_Calculator/hex_calculator/hex_calculator.srcs/sources_1/new/top_level_wrapper.sv w ]
add_files /home/cmcnally/Repos/digital-design-projects/integrated-systems-design/Hex_Calculator/hex_calculator/hex_calculator.srcs/sources_1/new/top_level_wrapper.sv
update_compile_order -fileset sources_1
add_files -fileset constrs_1 -norecurse /home/cmcnally/Repos/digital-design-projects/integrated-systems-design/Hex_Calculator/Basys3_Master.xdc
import_files -fileset constrs_1 /home/cmcnally/Repos/digital-design-projects/integrated-systems-design/Hex_Calculator/Basys3_Master.xdc
add_files -norecurse -scan_for_includes /home/cmcnally/Repos/digital-design-projects/integrated-systems-design/Hex_Calculator/seven_seg_ctrl.sv
import_files -norecurse /home/cmcnally/Repos/digital-design-projects/integrated-systems-design/Hex_Calculator/seven_seg_ctrl.sv
update_compile_order -fileset sources_1
update_compile_order -fileset sources_1
launch_runs impl_1 -to_step write_bitstream -jobs 2
wait_on_run impl_1
open_hw
connect_hw_server
disconnect_hw_server localhost:3121
connect_hw_server
disconnect_hw_server localhost:3121
connect_hw_server
open_hw_target
set_property PROGRAM.FILE {/home/cmcnally/Repos/digital-design-projects/integrated-systems-design/Hex_Calculator/hex_calculator/hex_calculator.runs/impl_1/top_level_wrapper.bit} [get_hw_devices xc7a35t_0]
current_hw_device [get_hw_devices xc7a35t_0]
refresh_hw_device -update_hw_probes false [lindex [get_hw_devices xc7a35t_0] 0]
set_property PROBES.FILE {} [get_hw_devices xc7a35t_0]
set_property FULL_PROBES.FILE {} [get_hw_devices xc7a35t_0]
set_property PROGRAM.FILE {/home/cmcnally/Repos/digital-design-projects/integrated-systems-design/Hex_Calculator/hex_calculator/hex_calculator.runs/impl_1/top_level_wrapper.bit} [get_hw_devices xc7a35t_0]
program_hw_devices [get_hw_devices xc7a35t_0]
refresh_hw_device [lindex [get_hw_devices xc7a35t_0] 0]
close_hw
update_compile_order -fileset sources_1
update_compile_order -fileset sources_1
update_compile_order -fileset sources_1
update_compile_order -fileset sources_1
update_compile_order -fileset sources_1
update_compile_order -fileset sources_1
update_compile_order -fileset sources_1
update_compile_order -fileset sources_1
reset_run synth_1
launch_runs impl_1 -to_step write_bitstream -jobs 2
wait_on_run impl_1
reset_run synth_1
launch_runs impl_1 -to_step write_bitstream -jobs 2
wait_on_run impl_1
reset_run synth_1
launch_runs impl_1 -to_step write_bitstream -jobs 2
wait_on_run impl_1
reset_run synth_1
launch_runs impl_1 -to_step write_bitstream -jobs 2
wait_on_run impl_1
reset_run synth_1
launch_runs impl_1 -to_step write_bitstream -jobs 2
wait_on_run impl_1
reset_run synth_1
launch_runs impl_1 -to_step write_bitstream -jobs 2
wait_on_run impl_1
reset_run synth_1
launch_runs impl_1 -to_step write_bitstream -jobs 2
wait_on_run impl_1
reset_run impl_1
reset_run synth_1
launch_runs impl_1 -to_step write_bitstream -jobs 2
wait_on_run impl_1
open_hw
connect_hw_server
open_hw_target
set_property PROGRAM.FILE {/home/cmcnally/Repos/digital-design-projects/integrated-systems-design/Hex_Calculator/hex_calculator/hex_calculator.runs/impl_1/top_level_wrapper.bit} [get_hw_devices xc7a35t_0]
current_hw_device [get_hw_devices xc7a35t_0]
refresh_hw_device -update_hw_probes false [lindex [get_hw_devices xc7a35t_0] 0]
set_property PROBES.FILE {} [get_hw_devices xc7a35t_0]
set_property FULL_PROBES.FILE {} [get_hw_devices xc7a35t_0]
set_property PROGRAM.FILE {/home/cmcnally/Repos/digital-design-projects/integrated-systems-design/Hex_Calculator/hex_calculator/hex_calculator.runs/impl_1/top_level_wrapper.bit} [get_hw_devices xc7a35t_0]
program_hw_devices [get_hw_devices xc7a35t_0]
refresh_hw_device [lindex [get_hw_devices xc7a35t_0] 0]
update_compile_order -fileset sources_1
update_compile_order -fileset sources_1
reset_run synth_1
launch_runs impl_1 -to_step write_bitstream -jobs 2
wait_on_run impl_1
set_property PROBES.FILE {} [get_hw_devices xc7a35t_0]
set_property FULL_PROBES.FILE {} [get_hw_devices xc7a35t_0]
set_property PROGRAM.FILE {/home/cmcnally/Repos/digital-design-projects/integrated-systems-design/Hex_Calculator/hex_calculator/hex_calculator.runs/impl_1/top_level_wrapper.bit} [get_hw_devices xc7a35t_0]
program_hw_devices [get_hw_devices xc7a35t_0]
refresh_hw_device [lindex [get_hw_devices xc7a35t_0] 0]
reset_run synth_1
launch_runs impl_1 -to_step write_bitstream -jobs 2
wait_on_run impl_1
close_hw
close [ open /home/cmcnally/Repos/digital-design-projects/integrated-systems-design/Hex_Calculator/hex_calculator/hex_calculator.srcs/sources_1/new/calculator_fsm.sv w ]
add_files /home/cmcnally/Repos/digital-design-projects/integrated-systems-design/Hex_Calculator/hex_calculator/hex_calculator.srcs/sources_1/new/calculator_fsm.sv
update_compile_order -fileset sources_1
open_hw
connect_hw_server
open_hw_target
set_property PROGRAM.FILE {/home/cmcnally/Repos/digital-design-projects/integrated-systems-design/Hex_Calculator/hex_calculator/hex_calculator.runs/impl_1/top_level_wrapper.bit} [get_hw_devices xc7a35t_0]
current_hw_device [get_hw_devices xc7a35t_0]
refresh_hw_device -update_hw_probes false [lindex [get_hw_devices xc7a35t_0] 0]
set_property PROBES.FILE {} [get_hw_devices xc7a35t_0]
set_property FULL_PROBES.FILE {} [get_hw_devices xc7a35t_0]
set_property PROGRAM.FILE {/home/cmcnally/Repos/digital-design-projects/integrated-systems-design/Hex_Calculator/hex_calculator/hex_calculator.runs/impl_1/top_level_wrapper.bit} [get_hw_devices xc7a35t_0]
program_hw_devices [get_hw_devices xc7a35t_0]
refresh_hw_device [lindex [get_hw_devices xc7a35t_0] 0]
update_compile_order -fileset sources_1
close_hw
close [ open /home/cmcnally/Repos/digital-design-projects/integrated-systems-design/Hex_Calculator/hex_calculator/hex_calculator.srcs/sources_1/new/arithmetic.sv w ]
add_files /home/cmcnally/Repos/digital-design-projects/integrated-systems-design/Hex_Calculator/hex_calculator/hex_calculator.srcs/sources_1/new/arithmetic.sv
update_compile_order -fileset sources_1
update_compile_order -fileset sources_1
close [ open /home/cmcnally/Repos/digital-design-projects/integrated-systems-design/Hex_Calculator/hex_calculator/hex_calculator.srcs/sources_1/new/all_clear.sv w ]
add_files /home/cmcnally/Repos/digital-design-projects/integrated-systems-design/Hex_Calculator/hex_calculator/hex_calculator.srcs/sources_1/new/all_clear.sv
update_compile_order -fileset sources_1
update_compile_order -fileset sources_1
update_compile_order -fileset sources_1
update_compile_order -fileset sources_1
reset_run synth_1
launch_runs impl_1 -to_step write_bitstream -jobs 2
wait_on_run impl_1
open_hw
connect_hw_server
open_hw_target
set_property PROGRAM.FILE {/home/cmcnally/Repos/digital-design-projects/integrated-systems-design/Hex_Calculator/hex_calculator/hex_calculator.runs/impl_1/top_level_wrapper.bit} [get_hw_devices xc7a35t_0]
current_hw_device [get_hw_devices xc7a35t_0]
refresh_hw_device -update_hw_probes false [lindex [get_hw_devices xc7a35t_0] 0]
set_property PROBES.FILE {} [get_hw_devices xc7a35t_0]
set_property FULL_PROBES.FILE {} [get_hw_devices xc7a35t_0]
set_property PROGRAM.FILE {/home/cmcnally/Repos/digital-design-projects/integrated-systems-design/Hex_Calculator/hex_calculator/hex_calculator.runs/impl_1/top_level_wrapper.bit} [get_hw_devices xc7a35t_0]
program_hw_devices [get_hw_devices xc7a35t_0]
refresh_hw_device [lindex [get_hw_devices xc7a35t_0] 0]
set_property PROBES.FILE {} [get_hw_devices xc7a35t_0]
set_property FULL_PROBES.FILE {} [get_hw_devices xc7a35t_0]
set_property PROGRAM.FILE {/home/cmcnally/Repos/digital-design-projects/integrated-systems-design/Hex_Calculator/hex_calculator/hex_calculator.runs/impl_1/top_level_wrapper.bit} [get_hw_devices xc7a35t_0]
program_hw_devices [get_hw_devices xc7a35t_0]
refresh_hw_device [lindex [get_hw_devices xc7a35t_0] 0]
reset_run synth_1
launch_runs impl_1 -to_step write_bitstream -jobs 2
wait_on_run impl_1
set_property PROBES.FILE {} [get_hw_devices xc7a35t_0]
set_property FULL_PROBES.FILE {} [get_hw_devices xc7a35t_0]
set_property PROGRAM.FILE {/home/cmcnally/Repos/digital-design-projects/integrated-systems-design/Hex_Calculator/hex_calculator/hex_calculator.runs/impl_1/top_level_wrapper.bit} [get_hw_devices xc7a35t_0]
program_hw_devices [get_hw_devices xc7a35t_0]
refresh_hw_device [lindex [get_hw_devices xc7a35t_0] 0]
reset_run synth_1
launch_runs impl_1 -to_step write_bitstream -jobs 2
wait_on_run impl_1
set_property PROBES.FILE {} [get_hw_devices xc7a35t_0]
set_property FULL_PROBES.FILE {} [get_hw_devices xc7a35t_0]
set_property PROGRAM.FILE {/home/cmcnally/Repos/digital-design-projects/integrated-systems-design/Hex_Calculator/hex_calculator/hex_calculator.runs/impl_1/top_level_wrapper.bit} [get_hw_devices xc7a35t_0]
program_hw_devices [get_hw_devices xc7a35t_0]
refresh_hw_device [lindex [get_hw_devices xc7a35t_0] 0]
update_compile_order -fileset sources_1
update_compile_order -fileset sources_1
update_compile_order -fileset sources_1
update_compile_order -fileset sources_1
reset_run synth_1
launch_runs impl_1 -to_step write_bitstream -jobs 2
wait_on_run impl_1
