11:16:49 **** Build of project hw_bsp ****
make -k all 
Running Make include in ps7_cortexa9_0/libsrc/ddrps_v1_0/src
make -C ps7_cortexa9_0/libsrc/ddrps_v1_0/src -s include  "SHELL=/bin/sh" "COMPILER=arm-none-eabi-gcc" "ARCHIVER=arm-none-eabi-ar" "COMPILER_FLAGS=  -O2 -c" "EXTRA_COMPILER_FLAGS=-mcpu=cortex-a9 -mfpu=vfpv3 -mfloat-abi=hard -nostartfiles -g -Wall -Wextra"
Running Make include in ps7_cortexa9_0/libsrc/sdps_v3_6/src
make -C ps7_cortexa9_0/libsrc/sdps_v3_6/src -s include  "SHELL=/bin/sh" "COMPILER=arm-none-eabi-gcc" "ARCHIVER=arm-none-eabi-ar" "COMPILER_FLAGS=  -O2 -c" "EXTRA_COMPILER_FLAGS=-mcpu=cortex-a9 -mfpu=vfpv3 -mfloat-abi=hard -nostartfiles -g -Wall -Wextra"
Running Make include in ps7_cortexa9_0/libsrc/tmrctr_v4_5/src
make -C ps7_cortexa9_0/libsrc/tmrctr_v4_5/src -s include  "SHELL=/bin/sh" "COMPILER=arm-none-eabi-gcc" "ARCHIVER=arm-none-eabi-ar" "COMPILER_FLAGS=  -O2 -c" "EXTRA_COMPILER_FLAGS=-mcpu=cortex-a9 -mfpu=vfpv3 -mfloat-abi=hard -nostartfiles -g -Wall -Wextra"
Running Make include in ps7_cortexa9_0/libsrc/standalone_v6_8/src
make -C ps7_cortexa9_0/libsrc/standalone_v6_8/src -s include  "SHELL=/bin/sh" "COMPILER=arm-none-eabi-gcc" "ARCHIVER=arm-none-eabi-ar" "COMPILER_FLAGS=  -O2 -c" "EXTRA_COMPILER_FLAGS=-mcpu=cortex-a9 -mfpu=vfpv3 -mfloat-abi=hard -nostartfiles -g -Wall -Wextra"
Running Make include in ps7_cortexa9_0/libsrc/dmaps_v2_4/src
make -C ps7_cortexa9_0/libsrc/dmaps_v2_4/src -s include  "SHELL=/bin/sh" "COMPILER=arm-none-eabi-gcc" "ARCHIVER=arm-none-eabi-ar" "COMPILER_FLAGS=  -O2 -c" "EXTRA_COMPILER_FLAGS=-mcpu=cortex-a9 -mfpu=vfpv3 -mfloat-abi=hard -nostartfiles -g -Wall -Wextra"
Running Make include in ps7_cortexa9_0/libsrc/cpu_cortexa9_v2_7/src
make -C ps7_cortexa9_0/libsrc/cpu_cortexa9_v2_7/src -s include  "SHELL=/bin/sh" "COMPILER=arm-none-eabi-gcc" "ARCHIVER=arm-none-eabi-ar" "COMPILER_FLAGS=  -O2 -c" "EXTRA_COMPILER_FLAGS=-mcpu=cortex-a9 -mfpu=vfpv3 -mfloat-abi=hard -nostartfiles -g -Wall -Wextra"
Running Make include in ps7_cortexa9_0/libsrc/emacps_v3_8/src
make -C ps7_cortexa9_0/libsrc/emacps_v3_8/src -s include  "SHELL=/bin/sh" "COMPILER=arm-none-eabi-gcc" "ARCHIVER=arm-none-eabi-ar" "COMPILER_FLAGS=  -O2 -c" "EXTRA_COMPILER_FLAGS=-mcpu=cortex-a9 -mfpu=vfpv3 -mfloat-abi=hard -nostartfiles -g -Wall -Wextra"
Running Make include in ps7_cortexa9_0/libsrc/gpiops_v3_4/src
make -C ps7_cortexa9_0/libsrc/gpiops_v3_4/src -s include  "SHELL=/bin/sh" "COMPILER=arm-none-eabi-gcc" "ARCHIVER=arm-none-eabi-ar" "COMPILER_FLAGS=  -O2 -c" "EXTRA_COMPILER_FLAGS=-mcpu=cortex-a9 -mfpu=vfpv3 -mfloat-abi=hard -nostartfiles -g -Wall -Wextra"
Running Make include in ps7_cortexa9_0/libsrc/qspips_v3_5/src
make -C ps7_cortexa9_0/libsrc/qspips_v3_5/src -s include  "SHELL=/bin/sh" "COMPILER=arm-none-eabi-gcc" "ARCHIVER=arm-none-eabi-ar" "COMPILER_FLAGS=  -O2 -c" "EXTRA_COMPILER_FLAGS=-mcpu=cortex-a9 -mfpu=vfpv3 -mfloat-abi=hard -nostartfiles -g -Wall -Wextra"
Running Make include in ps7_cortexa9_0/libsrc/scugic_v3_10/src
make -C ps7_cortexa9_0/libsrc/scugic_v3_10/src -s include  "SHELL=/bin/sh" "COMPILER=arm-none-eabi-gcc" "ARCHIVER=arm-none-eabi-ar" "COMPILER_FLAGS=  -O2 -c" "EXTRA_COMPILER_FLAGS=-mcpu=cortex-a9 -mfpu=vfpv3 -mfloat-abi=hard -nostartfiles -g -Wall -Wextra"
Running Make include in ps7_cortexa9_0/libsrc/xadcps_v2_3/src
make -C ps7_cortexa9_0/libsrc/xadcps_v2_3/src -s include  "SHELL=/bin/sh" "COMPILER=arm-none-eabi-gcc" "ARCHIVER=arm-none-eabi-ar" "COMPILER_FLAGS=  -O2 -c" "EXTRA_COMPILER_FLAGS=-mcpu=cortex-a9 -mfpu=vfpv3 -mfloat-abi=hard -nostartfiles -g -Wall -Wextra"
Running Make include in ps7_cortexa9_0/libsrc/devcfg_v3_5/src
make -C ps7_cortexa9_0/libsrc/devcfg_v3_5/src -s include  "SHELL=/bin/sh" "COMPILER=arm-none-eabi-gcc" "ARCHIVER=arm-none-eabi-ar" "COMPILER_FLAGS=  -O2 -c" "EXTRA_COMPILER_FLAGS=-mcpu=cortex-a9 -mfpu=vfpv3 -mfloat-abi=hard -nostartfiles -g -Wall -Wextra"
Running Make include in ps7_cortexa9_0/libsrc/gpio_v4_3/src
make -C ps7_cortexa9_0/libsrc/gpio_v4_3/src -s include  "SHELL=/bin/sh" "COMPILER=arm-none-eabi-gcc" "ARCHIVER=arm-none-eabi-ar" "COMPILER_FLAGS=  -O2 -c" "EXTRA_COMPILER_FLAGS=-mcpu=cortex-a9 -mfpu=vfpv3 -mfloat-abi=hard -nostartfiles -g -Wall -Wextra"
Running Make include in ps7_cortexa9_0/libsrc/scuwdt_v2_1/src
make -C ps7_cortexa9_0/libsrc/scuwdt_v2_1/src -s include  "SHELL=/bin/sh" "COMPILER=arm-none-eabi-gcc" "ARCHIVER=arm-none-eabi-ar" "COMPILER_FLAGS=  -O2 -c" "EXTRA_COMPILER_FLAGS=-mcpu=cortex-a9 -mfpu=vfpv3 -mfloat-abi=hard -nostartfiles -g -Wall -Wextra"
Running Make include in ps7_cortexa9_0/libsrc/uartps_v3_7/src
make -C ps7_cortexa9_0/libsrc/uartps_v3_7/src -s include  "SHELL=/bin/sh" "COMPILER=arm-none-eabi-gcc" "ARCHIVER=arm-none-eabi-ar" "COMPILER_FLAGS=  -O2 -c" "EXTRA_COMPILER_FLAGS=-mcpu=cortex-a9 -mfpu=vfpv3 -mfloat-abi=hard -nostartfiles -g -Wall -Wextra"
Running Make include in ps7_cortexa9_0/libsrc/usbps_v2_4/src
make -C ps7_cortexa9_0/libsrc/usbps_v2_4/src -s include  "SHELL=/bin/sh" "COMPILER=arm-none-eabi-gcc" "ARCHIVER=arm-none-eabi-ar" "COMPILER_FLAGS=  -O2 -c" "EXTRA_COMPILER_FLAGS=-mcpu=cortex-a9 -mfpu=vfpv3 -mfloat-abi=hard -nostartfiles -g -Wall -Wextra"
Running Make include in ps7_cortexa9_0/libsrc/coresightps_dcc_v1_4/src
make -C ps7_cortexa9_0/libsrc/coresightps_dcc_v1_4/src -s include  "SHELL=/bin/sh" "COMPILER=arm-none-eabi-gcc" "ARCHIVER=arm-none-eabi-ar" "COMPILER_FLAGS=  -O2 -c" "EXTRA_COMPILER_FLAGS=-mcpu=cortex-a9 -mfpu=vfpv3 -mfloat-abi=hard -nostartfiles -g -Wall -Wextra"
Running Make include in ps7_cortexa9_0/libsrc/scutimer_v2_1/src
make -C ps7_cortexa9_0/libsrc/scutimer_v2_1/src -s include  "SHELL=/bin/sh" "COMPILER=arm-none-eabi-gcc" "ARCHIVER=arm-none-eabi-ar" "COMPILER_FLAGS=  -O2 -c" "EXTRA_COMPILER_FLAGS=-mcpu=cortex-a9 -mfpu=vfpv3 -mfloat-abi=hard -nostartfiles -g -Wall -Wextra"
Running Make libs in ps7_cortexa9_0/libsrc/ddrps_v1_0/src
make -C ps7_cortexa9_0/libsrc/ddrps_v1_0/src -s libs  "SHELL=/bin/sh" "COMPILER=arm-none-eabi-gcc" "ARCHIVER=arm-none-eabi-ar" "COMPILER_FLAGS=  -O2 -c" "EXTRA_COMPILER_FLAGS=-mcpu=cortex-a9 -mfpu=vfpv3 -mfloat-abi=hard -nostartfiles -g -Wall -Wextra"
Compiling ddrps
arm-none-eabi-ar: creating ../../../lib/libxil.a
Running Make libs in ps7_cortexa9_0/libsrc/sdps_v3_6/src
make -C ps7_cortexa9_0/libsrc/sdps_v3_6/src -s libs  "SHELL=/bin/sh" "COMPILER=arm-none-eabi-gcc" "ARCHIVER=arm-none-eabi-ar" "COMPILER_FLAGS=  -O2 -c" "EXTRA_COMPILER_FLAGS=-mcpu=cortex-a9 -mfpu=vfpv3 -mfloat-abi=hard -nostartfiles -g -Wall -Wextra"
Compiling sdps
Running Make libs in ps7_cortexa9_0/libsrc/tmrctr_v4_5/src
make -C ps7_cortexa9_0/libsrc/tmrctr_v4_5/src -s libs  "SHELL=/bin/sh" "COMPILER=arm-none-eabi-gcc" "ARCHIVER=arm-none-eabi-ar" "COMPILER_FLAGS=  -O2 -c" "EXTRA_COMPILER_FLAGS=-mcpu=cortex-a9 -mfpu=vfpv3 -mfloat-abi=hard -nostartfiles -g -Wall -Wextra"
Compiling tmrctr
Running Make libs in ps7_cortexa9_0/libsrc/standalone_v6_8/src
make -C ps7_cortexa9_0/libsrc/standalone_v6_8/src -s libs  "SHELL=/bin/sh" "COMPILER=arm-none-eabi-gcc" "ARCHIVER=arm-none-eabi-ar" "COMPILER_FLAGS=  -O2 -c" "EXTRA_COMPILER_FLAGS=-mcpu=cortex-a9 -mfpu=vfpv3 -mfloat-abi=hard -nostartfiles -g -Wall -Wextra"
Compiling standalone
In file included from sleep.c:53:0:
xtime_l.h:87:9: note: #pragma message: For the sleep routines, Global timer is being used
 #pragma message ("For the sleep routines, Global timer is being used")
         ^~~~~~~
In file included from xtime_l.c:49:0:
xtime_l.h:87:9: note: #pragma message: For the sleep routines, Global timer is being used
 #pragma message ("For the sleep routines, Global timer is being used")
         ^~~~~~~
In file included from xil_sleeptimer.c:51:0:
xtime_l.h:87:9: note: #pragma message: For the sleep routines, Global timer is being used
 #pragma message ("For the sleep routines, Global timer is being used")
         ^~~~~~~
In file included from usleep.c:56:0:
xtime_l.h:87:9: note: #pragma message: For the sleep routines, Global timer is being used
 #pragma message ("For the sleep routines, Global timer is being used")
         ^~~~~~~
Running Make libs in ps7_cortexa9_0/libsrc/dmaps_v2_4/src
make -C ps7_cortexa9_0/libsrc/dmaps_v2_4/src -s libs  "SHELL=/bin/sh" "COMPILER=arm-none-eabi-gcc" "ARCHIVER=arm-none-eabi-ar" "COMPILER_FLAGS=  -O2 -c" "EXTRA_COMPILER_FLAGS=-mcpu=cortex-a9 -mfpu=vfpv3 -mfloat-abi=hard -nostartfiles -g -Wall -Wextra"
Compiling dmaps
Running Make libs in ps7_cortexa9_0/libsrc/cpu_cortexa9_v2_7/src
make -C ps7_cortexa9_0/libsrc/cpu_cortexa9_v2_7/src -s libs  "SHELL=/bin/sh" "COMPILER=arm-none-eabi-gcc" "ARCHIVER=arm-none-eabi-ar" "COMPILER_FLAGS=  -O2 -c" "EXTRA_COMPILER_FLAGS=-mcpu=cortex-a9 -mfpu=vfpv3 -mfloat-abi=hard -nostartfiles -g -Wall -Wextra"
Compiling cpu_cortexa9
Running Make libs in ps7_cortexa9_0/libsrc/emacps_v3_8/src
make -C ps7_cortexa9_0/libsrc/emacps_v3_8/src -s libs  "SHELL=/bin/sh" "COMPILER=arm-none-eabi-gcc" "ARCHIVER=arm-none-eabi-ar" "COMPILER_FLAGS=  -O2 -c" "EXTRA_COMPILER_FLAGS=-mcpu=cortex-a9 -mfpu=vfpv3 -mfloat-abi=hard -nostartfiles -g -Wall -Wextra"
Compiling emacps
Running Make libs in ps7_cortexa9_0/libsrc/gpiops_v3_4/src
make -C ps7_cortexa9_0/libsrc/gpiops_v3_4/src -s libs  "SHELL=/bin/sh" "COMPILER=arm-none-eabi-gcc" "ARCHIVER=arm-none-eabi-ar" "COMPILER_FLAGS=  -O2 -c" "EXTRA_COMPILER_FLAGS=-mcpu=cortex-a9 -mfpu=vfpv3 -mfloat-abi=hard -nostartfiles -g -Wall -Wextra"
Compiling gpiops
Running Make libs in ps7_cortexa9_0/libsrc/qspips_v3_5/src
make -C ps7_cortexa9_0/libsrc/qspips_v3_5/src -s libs  "SHELL=/bin/sh" "COMPILER=arm-none-eabi-gcc" "ARCHIVER=arm-none-eabi-ar" "COMPILER_FLAGS=  -O2 -c" "EXTRA_COMPILER_FLAGS=-mcpu=cortex-a9 -mfpu=vfpv3 -mfloat-abi=hard -nostartfiles -g -Wall -Wextra"
Compiling qspips
Running Make libs in ps7_cortexa9_0/libsrc/scugic_v3_10/src
make -C ps7_cortexa9_0/libsrc/scugic_v3_10/src -s libs  "SHELL=/bin/sh" "COMPILER=arm-none-eabi-gcc" "ARCHIVER=arm-none-eabi-ar" "COMPILER_FLAGS=  -O2 -c" "EXTRA_COMPILER_FLAGS=-mcpu=cortex-a9 -mfpu=vfpv3 -mfloat-abi=hard -nostartfiles -g -Wall -Wextra"
Compiling scugic
Running Make libs in ps7_cortexa9_0/libsrc/xadcps_v2_3/src
make -C ps7_cortexa9_0/libsrc/xadcps_v2_3/src -s libs  "SHELL=/bin/sh" "COMPILER=arm-none-eabi-gcc" "ARCHIVER=arm-none-eabi-ar" "COMPILER_FLAGS=  -O2 -c" "EXTRA_COMPILER_FLAGS=-mcpu=cortex-a9 -mfpu=vfpv3 -mfloat-abi=hard -nostartfiles -g -Wall -Wextra"
Compiling xadcps
Running Make libs in ps7_cortexa9_0/libsrc/devcfg_v3_5/src
make -C ps7_cortexa9_0/libsrc/devcfg_v3_5/src -s libs  "SHELL=/bin/sh" "COMPILER=arm-none-eabi-gcc" "ARCHIVER=arm-none-eabi-ar" "COMPILER_FLAGS=  -O2 -c" "EXTRA_COMPILER_FLAGS=-mcpu=cortex-a9 -mfpu=vfpv3 -mfloat-abi=hard -nostartfiles -g -Wall -Wextra"
Compiling devcfg
Running Make libs in ps7_cortexa9_0/libsrc/gpio_v4_3/src
make -C ps7_cortexa9_0/libsrc/gpio_v4_3/src -s libs  "SHELL=/bin/sh" "COMPILER=arm-none-eabi-gcc" "ARCHIVER=arm-none-eabi-ar" "COMPILER_FLAGS=  -O2 -c" "EXTRA_COMPILER_FLAGS=-mcpu=cortex-a9 -mfpu=vfpv3 -mfloat-abi=hard -nostartfiles -g -Wall -Wextra"
Compiling gpio
Running Make libs in ps7_cortexa9_0/libsrc/scuwdt_v2_1/src
make -C ps7_cortexa9_0/libsrc/scuwdt_v2_1/src -s libs  "SHELL=/bin/sh" "COMPILER=arm-none-eabi-gcc" "ARCHIVER=arm-none-eabi-ar" "COMPILER_FLAGS=  -O2 -c" "EXTRA_COMPILER_FLAGS=-mcpu=cortex-a9 -mfpu=vfpv3 -mfloat-abi=hard -nostartfiles -g -Wall -Wextra"
Compiling scuwdt
Running Make libs in ps7_cortexa9_0/libsrc/uartps_v3_7/src
make -C ps7_cortexa9_0/libsrc/uartps_v3_7/src -s libs  "SHELL=/bin/sh" "COMPILER=arm-none-eabi-gcc" "ARCHIVER=arm-none-eabi-ar" "COMPILER_FLAGS=  -O2 -c" "EXTRA_COMPILER_FLAGS=-mcpu=cortex-a9 -mfpu=vfpv3 -mfloat-abi=hard -nostartfiles -g -Wall -Wextra"
Compiling uartps
Running Make libs in ps7_cortexa9_0/libsrc/usbps_v2_4/src
make -C ps7_cortexa9_0/libsrc/usbps_v2_4/src -s libs  "SHELL=/bin/sh" "COMPILER=arm-none-eabi-gcc" "ARCHIVER=arm-none-eabi-ar" "COMPILER_FLAGS=  -O2 -c" "EXTRA_COMPILER_FLAGS=-mcpu=cortex-a9 -mfpu=vfpv3 -mfloat-abi=hard -nostartfiles -g -Wall -Wextra"
Compiling usbps
Running Make libs in ps7_cortexa9_0/libsrc/coresightps_dcc_v1_4/src
make -C ps7_cortexa9_0/libsrc/coresightps_dcc_v1_4/src -s libs  "SHELL=/bin/sh" "COMPILER=arm-none-eabi-gcc" "ARCHIVER=arm-none-eabi-ar" "COMPILER_FLAGS=  -O2 -c" "EXTRA_COMPILER_FLAGS=-mcpu=cortex-a9 -mfpu=vfpv3 -mfloat-abi=hard -nostartfiles -g -Wall -Wextra"
Compiling coresightps_dcc
Running Make libs in ps7_cortexa9_0/libsrc/scutimer_v2_1/src
make -C ps7_cortexa9_0/libsrc/scutimer_v2_1/src -s libs  "SHELL=/bin/sh" "COMPILER=arm-none-eabi-gcc" "ARCHIVER=arm-none-eabi-ar" "COMPILER_FLAGS=  -O2 -c" "EXTRA_COMPILER_FLAGS=-mcpu=cortex-a9 -mfpu=vfpv3 -mfloat-abi=hard -nostartfiles -g -Wall -Wextra"
Compiling scutimer
Finished building libraries
11:16:59 **** Build of configuration Debug for project hw ****
make pre-build main-build 
a9-linaro-pre-build-step
 
Building file: ../src/helloworld.c
Invoking: ARM v7 gcc compiler
arm-none-eabi-gcc -Wall -O0 -g3 -c -fmessage-length=0 -MT"src/helloworld.o" -mcpu=cortex-a9 -mfpu=vfpv3 -mfloat-abi=hard -I../../hw_bsp/ps7_cortexa9_0/include -MMD -MP -MF"src/helloworld.d" -MT"src/helloworld.o" -o "src/helloworld.o" "../src/helloworld.c"
Finished building: ../src/helloworld.c
 
Building file: ../src/platform.c
Invoking: ARM v7 gcc compiler
arm-none-eabi-gcc -Wall -O0 -g3 -c -fmessage-length=0 -MT"src/platform.o" -mcpu=cortex-a9 -mfpu=vfpv3 -mfloat-abi=hard -I../../hw_bsp/ps7_cortexa9_0/include -MMD -MP -MF"src/platform.d" -MT"src/platform.o" -o "src/platform.o" "../src/platform.c"
Finished building: ../src/platform.c
 
Building target: hw.elf
Invoking: ARM v7 gcc linker
arm-none-eabi-gcc -mcpu=cortex-a9 -mfpu=vfpv3 -mfloat-abi=hard -Wl,-build-id=none -specs=Xilinx.spec -Wl,-T -Wl,../src/lscript.ld -L../../hw_bsp/ps7_cortexa9_0/lib -o "hw.elf"  ./src/helloworld.o ./src/platform.o   -Wl,--start-group,-lxil,-lgcc,-lc,--end-group
Finished building target: hw.elf
 
Invoking: ARM v7 Print Size
arm-none-eabi-size hw.elf  |tee "hw.elf.size"
   text	   data	    bss	    dec	    hex	filename
  19348	   1144	  22568	  43060	   a834	hw.elf
Finished building: hw.elf.size
 
11:17:00 **** Auto Build of configuration Debug for project hw ****
make pre-build main-build 
a9-linaro-pre-build-step
 
make: Nothing to be done for 'main-build'.
11:17:08 **** Build of configuration Debug for project hw_bsp_xgpio_low_level_example_1 ****
make pre-build main-build 
a9-linaro-pre-build-step
 
Building file: ../src/xgpio_low_level_example.c
Invoking: ARM v7 gcc compiler
arm-none-eabi-gcc -Wall -O0 -g3 -c -fmessage-length=0 -MT"src/xgpio_low_level_example.o" -mcpu=cortex-a9 -mfpu=vfpv3 -mfloat-abi=hard -I../../hw_bsp/ps7_cortexa9_0/include -MMD -MP -MF"src/xgpio_low_level_example.d" -MT"src/xgpio_low_level_example.o" -o "src/xgpio_low_level_example.o" "../src/xgpio_low_level_example.c"
Finished building: ../src/xgpio_low_level_example.c
 
Building target: hw_bsp_xgpio_low_level_example_1.elf
Invoking: ARM v7 gcc linker
arm-none-eabi-gcc -mcpu=cortex-a9 -mfpu=vfpv3 -mfloat-abi=hard -Wl,-build-id=none -specs=Xilinx.spec -Wl,-T -Wl,../src/lscript.ld -L../../hw_bsp/ps7_cortexa9_0/lib -o "hw_bsp_xgpio_low_level_example_1.elf"  ./src/xgpio_low_level_example.o   -Wl,--start-group,-lxil,-lgcc,-lc,--end-group
Finished building target: hw_bsp_xgpio_low_level_example_1.elf
 
Invoking: ARM v7 Print Size
arm-none-eabi-size hw_bsp_xgpio_low_level_example_1.elf  |tee "hw_bsp_xgpio_low_level_example_1.elf.size"
   text	   data	    bss	    dec	    hex	filename
  19244	   1144	  22568	  42956	   a7cc	hw_bsp_xgpio_low_level_example_1.elf
Finished building: hw_bsp_xgpio_low_level_example_1.elf.size
 
11:17:09 **** Auto Build of configuration Debug for project hw_bsp_xgpio_low_level_example_1 ****
make pre-build main-build 
a9-linaro-pre-build-step
 
make: Nothing to be done for 'main-build'.
11:18:24 **** Auto Build of configuration Debug for project hw_bsp_xgpio_low_level_example_1 ****
make pre-build main-build 
a9-linaro-pre-build-step
 
Building file: ../src/xgpio_low_level_example.c
Invoking: ARM v7 gcc compiler
arm-none-eabi-gcc -Wall -O0 -g3 -c -fmessage-length=0 -MT"src/xgpio_low_level_example.o" -mcpu=cortex-a9 -mfpu=vfpv3 -mfloat-abi=hard -I../../hw_bsp/ps7_cortexa9_0/include -MMD -MP -MF"src/xgpio_low_level_example.d" -MT"src/xgpio_low_level_example.o" -o "src/xgpio_low_level_example.o" "../src/xgpio_low_level_example.c"
In file included from ../src/xgpio_low_level_example.c:44:0:
../../hw_bsp/ps7_cortexa9_0/include/xtime_l.h:87:9: note: #pragma message: For the sleep routines, Global timer is being used
 #pragma message ("For the sleep routines, Global timer is being used")
         ^~~~~~~
../src/xgpio_low_level_example.c: In function 'TmrCtrPwmExample':
../src/xgpio_low_level_example.c:401:6: warning: unused variable 'NoOfCycles' [-Wunused-variable]
  u8  NoOfCycles;
      ^~~~~~~~~~
../src/xgpio_low_level_example.c:400:6: warning: variable 'DutyCycle' set but not used [-Wunused-but-set-variable]
  u8  DutyCycle;
      ^~~~~~~~~
Finished building: ../src/xgpio_low_level_example.c
 
Building target: hw_bsp_xgpio_low_level_example_1.elf
Invoking: ARM v7 gcc linker
arm-none-eabi-gcc -mcpu=cortex-a9 -mfpu=vfpv3 -mfloat-abi=hard -Wl,-build-id=none -specs=Xilinx.spec -Wl,-T -Wl,../src/lscript.ld -L../../hw_bsp/ps7_cortexa9_0/lib -o "hw_bsp_xgpio_low_level_example_1.elf"  ./src/xgpio_low_level_example.o   -Wl,--start-group,-lxil,-lgcc,-lc,--end-group
Finished building target: hw_bsp_xgpio_low_level_example_1.elf
 
Invoking: ARM v7 Print Size
arm-none-eabi-size hw_bsp_xgpio_low_level_example_1.elf  |tee "hw_bsp_xgpio_low_level_example_1.elf.size"
   text	   data	    bss	    dec	    hex	filename
  84228	   3424	  23424	 111076	  1b1e4	hw_bsp_xgpio_low_level_example_1.elf
Finished building: hw_bsp_xgpio_low_level_example_1.elf.size
 
11:18:57 **** Clean-only build of configuration Debug for project us_arm_control_system ****
make clean 
rm -rf  ./src/xgpio_low_level_example.o  ./src/xgpio_low_level_example.d  hw_bsp_xgpio_low_level_example_1.elf.size  hw_bsp_xgpio_low_level_example_1.elf
 
11:18:57 **** Build of configuration Debug for project us_arm_control_system ****
make pre-build main-build 
a9-linaro-pre-build-step
 
Building file: ../src/xgpio_low_level_example.c
Invoking: ARM v7 gcc compiler
arm-none-eabi-gcc -Wall -O0 -g3 -c -fmessage-length=0 -MT"src/xgpio_low_level_example.o" -mcpu=cortex-a9 -mfpu=vfpv3 -mfloat-abi=hard -I../../hw_bsp/ps7_cortexa9_0/include -MMD -MP -MF"src/xgpio_low_level_example.d" -MT"src/xgpio_low_level_example.o" -o "src/xgpio_low_level_example.o" "../src/xgpio_low_level_example.c"
In file included from ../src/xgpio_low_level_example.c:44:0:
../../hw_bsp/ps7_cortexa9_0/include/xtime_l.h:87:9: note: #pragma message: For the sleep routines, Global timer is being used
 #pragma message ("For the sleep routines, Global timer is being used")
         ^~~~~~~
../src/xgpio_low_level_example.c: In function 'TmrCtrPwmExample':
../src/xgpio_low_level_example.c:401:6: warning: unused variable 'NoOfCycles' [-Wunused-variable]
  u8  NoOfCycles;
      ^~~~~~~~~~
../src/xgpio_low_level_example.c:400:6: warning: variable 'DutyCycle' set but not used [-Wunused-but-set-variable]
  u8  DutyCycle;
      ^~~~~~~~~
Finished building: ../src/xgpio_low_level_example.c
 
Building target: us_arm_control_system.elf
Invoking: ARM v7 gcc linker
arm-none-eabi-gcc -mcpu=cortex-a9 -mfpu=vfpv3 -mfloat-abi=hard -Wl,-build-id=none -specs=Xilinx.spec -Wl,-T -Wl,../src/lscript.ld -L../../hw_bsp/ps7_cortexa9_0/lib -o "us_arm_control_system.elf"  ./src/xgpio_low_level_example.o   -Wl,--start-group,-lxil,-lgcc,-lc,--end-group
Finished building target: us_arm_control_system.elf
 
Invoking: ARM v7 Print Size
arm-none-eabi-size us_arm_control_system.elf  |tee "us_arm_control_system.elf.size"
   text	   data	    bss	    dec	    hex	filename
  84228	   3424	  23424	 111076	  1b1e4	us_arm_control_system.elf
Finished building: us_arm_control_system.elf.size
 
11:19:12 **** Clean-only build of configuration Debug for project us_arm_control_system ****
make clean 
rm -rf  ./src/xgpio_low_level_example.o  ./src/xgpio_low_level_example.d  us_arm_control_system.elf.size  us_arm_control_system.elf
 
11:19:12 **** Auto Build of configuration Debug for project us_arm_control_system ****
make pre-build main-build 
a9-linaro-pre-build-step
 
Building file: ../src/main.c
Invoking: ARM v7 gcc compiler
arm-none-eabi-gcc -Wall -O0 -g3 -c -fmessage-length=0 -MT"src/main.o" -mcpu=cortex-a9 -mfpu=vfpv3 -mfloat-abi=hard -I../../hw_bsp/ps7_cortexa9_0/include -MMD -MP -MF"src/main.d" -MT"src/main.o" -o "src/main.o" "../src/main.c"
In file included from ../src/main.c:44:0:
../../hw_bsp/ps7_cortexa9_0/include/xtime_l.h:87:9: note: #pragma message: For the sleep routines, Global timer is being used
 #pragma message ("For the sleep routines, Global timer is being used")
         ^~~~~~~
../src/main.c: In function 'TmrCtrPwmExample':
../src/main.c:401:6: warning: unused variable 'NoOfCycles' [-Wunused-variable]
  u8  NoOfCycles;
      ^~~~~~~~~~
../src/main.c:400:6: warning: variable 'DutyCycle' set but not used [-Wunused-but-set-variable]
  u8  DutyCycle;
      ^~~~~~~~~
Finished building: ../src/main.c
 
Building target: us_arm_control_system.elf
Invoking: ARM v7 gcc linker
arm-none-eabi-gcc -mcpu=cortex-a9 -mfpu=vfpv3 -mfloat-abi=hard -Wl,-build-id=none -specs=Xilinx.spec -Wl,-T -Wl,../src/lscript.ld -L../../hw_bsp/ps7_cortexa9_0/lib -o "us_arm_control_system.elf"  ./src/main.o   -Wl,--start-group,-lxil,-lgcc,-lc,--end-group
Finished building target: us_arm_control_system.elf
 
Invoking: ARM v7 Print Size
arm-none-eabi-size us_arm_control_system.elf  |tee "us_arm_control_system.elf.size"
   text	   data	    bss	    dec	    hex	filename
  84228	   3424	  23424	 111076	  1b1e4	us_arm_control_system.elf
Finished building: us_arm_control_system.elf.size
 
11:19:20 **** Incremental Build of configuration Debug for project us_arm_control_system ****
make pre-build main-build 
a9-linaro-pre-build-step
 
make: Nothing to be done for 'main-build'.
11:20:52 **** Auto Build of configuration Debug for project us_arm_control_system ****
make pre-build main-build 
a9-linaro-pre-build-step
 
Building file: ../src/main.c
Invoking: ARM v7 gcc compiler
arm-none-eabi-gcc -Wall -O0 -g3 -c -fmessage-length=0 -MT"src/main.o" -mcpu=cortex-a9 -mfpu=vfpv3 -mfloat-abi=hard -I../../hw_bsp/ps7_cortexa9_0/include -MMD -MP -MF"src/main.d" -MT"src/main.o" -o "src/main.o" "../src/main.c"
In file included from ../src/main.c:44:0:
../../hw_bsp/ps7_cortexa9_0/include/xtime_l.h:87:9: note: #pragma message: For the sleep routines, Global timer is being used
 #pragma message ("For the sleep routines, Global timer is being used")
         ^~~~~~~
../src/main.c:61:0: warning: "BOTH" redefined
 #define BOTH 0x4   /* Mask for LED pin to light when distance threshold is breached */
 
../src/main.c:60:0: note: this is the location of the previous definition
 #define BOTH 0x3   /* Mask for both TRIG and ECHO GPIO pins */
 
../src/main.c: In function 'TmrCtrPwmExample':
../src/main.c:402:6: warning: unused variable 'NoOfCycles' [-Wunused-variable]
  u8  NoOfCycles;
      ^~~~~~~~~~
../src/main.c:401:6: warning: variable 'DutyCycle' set but not used [-Wunused-but-set-variable]
  u8  DutyCycle;
      ^~~~~~~~~
Finished building: ../src/main.c
 
Building target: us_arm_control_system.elf
Invoking: ARM v7 gcc linker
arm-none-eabi-gcc -mcpu=cortex-a9 -mfpu=vfpv3 -mfloat-abi=hard -Wl,-build-id=none -specs=Xilinx.spec -Wl,-T -Wl,../src/lscript.ld -L../../hw_bsp/ps7_cortexa9_0/lib -o "us_arm_control_system.elf"  ./src/main.o   -Wl,--start-group,-lxil,-lgcc,-lc,--end-group
Finished building target: us_arm_control_system.elf
 
Invoking: ARM v7 Print Size
arm-none-eabi-size us_arm_control_system.elf  |tee "us_arm_control_system.elf.size"
   text	   data	    bss	    dec	    hex	filename
  84228	   3424	  23424	 111076	  1b1e4	us_arm_control_system.elf
Finished building: us_arm_control_system.elf.size
 
11:20:59 **** Auto Build of configuration Debug for project us_arm_control_system ****
make pre-build main-build 
a9-linaro-pre-build-step
 
Building file: ../src/main.c
Invoking: ARM v7 gcc compiler
arm-none-eabi-gcc -Wall -O0 -g3 -c -fmessage-length=0 -MT"src/main.o" -mcpu=cortex-a9 -mfpu=vfpv3 -mfloat-abi=hard -I../../hw_bsp/ps7_cortexa9_0/include -MMD -MP -MF"src/main.d" -MT"src/main.o" -o "src/main.o" "../src/main.c"
In file included from ../src/main.c:44:0:
../../hw_bsp/ps7_cortexa9_0/include/xtime_l.h:87:9: note: #pragma message: For the sleep routines, Global timer is being used
 #pragma message ("For the sleep routines, Global timer is being used")
         ^~~~~~~
../src/main.c: In function 'TmrCtrPwmExample':
../src/main.c:402:6: warning: unused variable 'NoOfCycles' [-Wunused-variable]
  u8  NoOfCycles;
      ^~~~~~~~~~
../src/main.c:401:6: warning: variable 'DutyCycle' set but not used [-Wunused-but-set-variable]
  u8  DutyCycle;
      ^~~~~~~~~
Finished building: ../src/main.c
 
Building target: us_arm_control_system.elf
Invoking: ARM v7 gcc linker
arm-none-eabi-gcc -mcpu=cortex-a9 -mfpu=vfpv3 -mfloat-abi=hard -Wl,-build-id=none -specs=Xilinx.spec -Wl,-T -Wl,../src/lscript.ld -L../../hw_bsp/ps7_cortexa9_0/lib -o "us_arm_control_system.elf"  ./src/main.o   -Wl,--start-group,-lxil,-lgcc,-lc,--end-group
Finished building target: us_arm_control_system.elf
 
Invoking: ARM v7 Print Size
arm-none-eabi-size us_arm_control_system.elf  |tee "us_arm_control_system.elf.size"
   text	   data	    bss	    dec	    hex	filename
  84228	   3424	  23424	 111076	  1b1e4	us_arm_control_system.elf
Finished building: us_arm_control_system.elf.size
 
11:22:36 **** Auto Build of configuration Debug for project us_arm_control_system ****
make pre-build main-build 
a9-linaro-pre-build-step
 
Building file: ../src/main.c
Invoking: ARM v7 gcc compiler
arm-none-eabi-gcc -Wall -O0 -g3 -c -fmessage-length=0 -MT"src/main.o" -mcpu=cortex-a9 -mfpu=vfpv3 -mfloat-abi=hard -I../../hw_bsp/ps7_cortexa9_0/include -MMD -MP -MF"src/main.d" -MT"src/main.o" -o "src/main.o" "../src/main.c"
In file included from ../src/main.c:44:0:
../../hw_bsp/ps7_cortexa9_0/include/xtime_l.h:87:9: note: #pragma message: For the sleep routines, Global timer is being used
 #pragma message ("For the sleep routines, Global timer is being used")
         ^~~~~~~
../src/main.c: In function 'TmrCtrPwmExample':
../src/main.c:402:6: warning: unused variable 'NoOfCycles' [-Wunused-variable]
  u8  NoOfCycles;
      ^~~~~~~~~~
../src/main.c:401:6: warning: variable 'DutyCycle' set but not used [-Wunused-but-set-variable]
  u8  DutyCycle;
      ^~~~~~~~~
Finished building: ../src/main.c
 
Building target: us_arm_control_system.elf
Invoking: ARM v7 gcc linker
arm-none-eabi-gcc -mcpu=cortex-a9 -mfpu=vfpv3 -mfloat-abi=hard -Wl,-build-id=none -specs=Xilinx.spec -Wl,-T -Wl,../src/lscript.ld -L../../hw_bsp/ps7_cortexa9_0/lib -o "us_arm_control_system.elf"  ./src/main.o   -Wl,--start-group,-lxil,-lgcc,-lc,--end-group
Finished building target: us_arm_control_system.elf
 
Invoking: ARM v7 Print Size
arm-none-eabi-size us_arm_control_system.elf  |tee "us_arm_control_system.elf.size"
   text	   data	    bss	    dec	    hex	filename
  84228	   3424	  23424	 111076	  1b1e4	us_arm_control_system.elf
Finished building: us_arm_control_system.elf.size
 
11:23:06 **** Auto Build of configuration Debug for project us_arm_control_system ****
make pre-build main-build 
a9-linaro-pre-build-step
 
Building file: ../src/main.c
Invoking: ARM v7 gcc compiler
arm-none-eabi-gcc -Wall -O0 -g3 -c -fmessage-length=0 -MT"src/main.o" -mcpu=cortex-a9 -mfpu=vfpv3 -mfloat-abi=hard -I../../hw_bsp/ps7_cortexa9_0/include -MMD -MP -MF"src/main.d" -MT"src/main.o" -o "src/main.o" "../src/main.c"
In file included from ../src/main.c:44:0:
../../hw_bsp/ps7_cortexa9_0/include/xtime_l.h:87:9: note: #pragma message: For the sleep routines, Global timer is being used
 #pragma message ("For the sleep routines, Global timer is being used")
         ^~~~~~~
../src/main.c: In function 'TmrCtrPwmExample':
../src/main.c:406:6: warning: unused variable 'NoOfCycles' [-Wunused-variable]
  u8  NoOfCycles;
      ^~~~~~~~~~
../src/main.c:405:6: warning: variable 'DutyCycle' set but not used [-Wunused-but-set-variable]
  u8  DutyCycle;
      ^~~~~~~~~
Finished building: ../src/main.c
 
Building target: us_arm_control_system.elf
Invoking: ARM v7 gcc linker
arm-none-eabi-gcc -mcpu=cortex-a9 -mfpu=vfpv3 -mfloat-abi=hard -Wl,-build-id=none -specs=Xilinx.spec -Wl,-T -Wl,../src/lscript.ld -L../../hw_bsp/ps7_cortexa9_0/lib -o "us_arm_control_system.elf"  ./src/main.o   -Wl,--start-group,-lxil,-lgcc,-lc,--end-group
Finished building target: us_arm_control_system.elf
 
Invoking: ARM v7 Print Size
arm-none-eabi-size us_arm_control_system.elf  |tee "us_arm_control_system.elf.size"
   text	   data	    bss	    dec	    hex	filename
  84228	   3424	  23424	 111076	  1b1e4	us_arm_control_system.elf
Finished building: us_arm_control_system.elf.size
 
11:23:09 **** Incremental Build of configuration Debug for project us_arm_control_system ****
make pre-build main-build 
a9-linaro-pre-build-step
 
make: Nothing to be done for 'main-build'.
11:23:27 **** Incremental Build of configuration Debug for project us_arm_control_system ****
make pre-build main-build 
a9-linaro-pre-build-step
 
make: Nothing to be done for 'main-build'.
11:24:23 **** Auto Build of configuration Debug for project us_arm_control_system ****
make pre-build main-build 
a9-linaro-pre-build-step
 
Building file: ../src/main.c
Invoking: ARM v7 gcc compiler
arm-none-eabi-gcc -Wall -O0 -g3 -c -fmessage-length=0 -MT"src/main.o" -mcpu=cortex-a9 -mfpu=vfpv3 -mfloat-abi=hard -I../../hw_bsp/ps7_cortexa9_0/include -MMD -MP -MF"src/main.d" -MT"src/main.o" -o "src/main.o" "../src/main.c"
In file included from ../src/main.c:44:0:
../../hw_bsp/ps7_cortexa9_0/include/xtime_l.h:87:9: note: #pragma message: For the sleep routines, Global timer is being used
 #pragma message ("For the sleep routines, Global timer is being used")
         ^~~~~~~
../src/main.c: In function 'TmrCtrPwmExample':
../src/main.c:406:6: warning: unused variable 'NoOfCycles' [-Wunused-variable]
  u8  NoOfCycles;
      ^~~~~~~~~~
../src/main.c:405:6: warning: variable 'DutyCycle' set but not used [-Wunused-but-set-variable]
  u8  DutyCycle;
      ^~~~~~~~~
Finished building: ../src/main.c
 
Building target: us_arm_control_system.elf
Invoking: ARM v7 gcc linker
arm-none-eabi-gcc -mcpu=cortex-a9 -mfpu=vfpv3 -mfloat-abi=hard -Wl,-build-id=none -specs=Xilinx.spec -Wl,-T -Wl,../src/lscript.ld -L../../hw_bsp/ps7_cortexa9_0/lib -o "us_arm_control_system.elf"  ./src/main.o   -Wl,--start-group,-lxil,-lgcc,-lc,--end-group
Finished building target: us_arm_control_system.elf
 
Invoking: ARM v7 Print Size
arm-none-eabi-size us_arm_control_system.elf  |tee "us_arm_control_system.elf.size"
   text	   data	    bss	    dec	    hex	filename
  84228	   3424	  23424	 111076	  1b1e4	us_arm_control_system.elf
Finished building: us_arm_control_system.elf.size
 
11:24:31 **** Auto Build of configuration Debug for project us_arm_control_system ****
make pre-build main-build 
a9-linaro-pre-build-step
 
Building file: ../src/main.c
Invoking: ARM v7 gcc compiler
arm-none-eabi-gcc -Wall -O0 -g3 -c -fmessage-length=0 -MT"src/main.o" -mcpu=cortex-a9 -mfpu=vfpv3 -mfloat-abi=hard -I../../hw_bsp/ps7_cortexa9_0/include -MMD -MP -MF"src/main.d" -MT"src/main.o" -o "src/main.o" "../src/main.c"
In file included from ../src/main.c:44:0:
../../hw_bsp/ps7_cortexa9_0/include/xtime_l.h:87:9: note: #pragma message: For the sleep routines, Global timer is being used
 #pragma message ("For the sleep routines, Global timer is being used")
         ^~~~~~~
../src/main.c: In function 'TmrCtrPwmExample':
../src/main.c:404:6: warning: unused variable 'NoOfCycles' [-Wunused-variable]
  u8  NoOfCycles;
      ^~~~~~~~~~
../src/main.c:403:6: warning: variable 'DutyCycle' set but not used [-Wunused-but-set-variable]
  u8  DutyCycle;
      ^~~~~~~~~
Finished building: ../src/main.c
 
Building target: us_arm_control_system.elf
Invoking: ARM v7 gcc linker
arm-none-eabi-gcc -mcpu=cortex-a9 -mfpu=vfpv3 -mfloat-abi=hard -Wl,-build-id=none -specs=Xilinx.spec -Wl,-T -Wl,../src/lscript.ld -L../../hw_bsp/ps7_cortexa9_0/lib -o "us_arm_control_system.elf"  ./src/main.o   -Wl,--start-group,-lxil,-lgcc,-lc,--end-group
Finished building target: us_arm_control_system.elf
 
Invoking: ARM v7 Print Size
arm-none-eabi-size us_arm_control_system.elf  |tee "us_arm_control_system.elf.size"
   text	   data	    bss	    dec	    hex	filename
  84228	   3424	  23424	 111076	  1b1e4	us_arm_control_system.elf
Finished building: us_arm_control_system.elf.size
 
21:15:10 **** Auto Build of configuration Debug for project us_arm_control_system ****
make pre-build main-build 
a9-linaro-pre-build-step
 
Building file: ../src/main.c
Invoking: ARM v7 gcc compiler
arm-none-eabi-gcc -Wall -O0 -g3 -c -fmessage-length=0 -MT"src/main.o" -mcpu=cortex-a9 -mfpu=vfpv3 -mfloat-abi=hard -I../../hw_bsp/ps7_cortexa9_0/include -MMD -MP -MF"src/main.d" -MT"src/main.o" -o "src/main.o" "../src/main.c"
In file included from ../src/main.c:44:0:
../../hw_bsp/ps7_cortexa9_0/include/xtime_l.h:87:9: note: #pragma message: For the sleep routines, Global timer is being used
 #pragma message ("For the sleep routines, Global timer is being used")
         ^~~~~~~
../src/main.c: In function 'main':
../src/main.c:168:43: error: 'TRIG' undeclared (first use in this function); did you mean 'TRUE'?
src/subdir.mk:21: recipe for target 'src/main.o' failed
  XGpio_SetDataDirection(&Gpio, CHANNEL, ~(TRIG & LED));
                                           ^~~~
                                           TRUE
../src/main.c:168:43: note: each undeclared identifier is reported only once for each function it appears in
../src/main.c: In function 'get_distance':
../src/main.c:288:38: error: 'BOTH' undeclared (first use in this function)
  XGpio_DiscreteClear(&Gpio, CHANNEL, BOTH);
                                      ^~~~
../src/main.c:294:38: error: 'TRIG' undeclared (first use in this function); did you mean 'TRUE'?
  XGpio_DiscreteWrite(&Gpio, CHANNEL, TRIG);
                                      ^~~~
                                      TRUE
../src/main.c:307:47: error: 'ECHO' undeclared (first use in this function)
  while(!(XGpio_DiscreteRead(&Gpio, CHANNEL) & ECHO)){}
                                               ^~~~
../src/main.c: In function 'TmrCtrPwmExample':
../src/main.c:407:6: warning: unused variable 'NoOfCycles' [-Wunused-variable]
  u8  NoOfCycles;
      ^~~~~~~~~~
../src/main.c:406:6: warning: variable 'DutyCycle' set but not used [-Wunused-but-set-variable]
  u8  DutyCycle;
      ^~~~~~~~~
make: *** [src/main.o] Error 1
21:16:29 **** Auto Build of configuration Debug for project us_arm_control_system ****
make pre-build main-build 
a9-linaro-pre-build-step
 
Building file: ../src/main.c
Invoking: ARM v7 gcc compiler
arm-none-eabi-gcc -Wall -O0 -g3 -c -fmessage-length=0 -MT"src/main.o" -mcpu=cortex-a9 -mfpu=vfpv3 -mfloat-abi=hard -I../../hw_bsp/ps7_cortexa9_0/include -MMD -MP -MF"src/main.d" -MT"src/main.o" -o "src/main.o" "../src/main.c"
In file included from ../src/main.c:44:0:
../../hw_bsp/ps7_cortexa9_0/include/xtime_l.h:87:9: note: #pragma message: For the sleep routines, Global timer is being used
 #pragma message ("For the sleep routines, Global timer is being used")
         ^~~~~~~
../src/main.c: In function 'main':
../src/main.c:163:43: error: 'TRIG' undeclared (first use in this function); did you mean 'TRUE'?
  XGpio_SetDataDirection(&Gpio, CHANNEL, ~(TRIG & LED));
                                           ^~~~
                                           TRUE
../src/main.c:163:43: note: each undeclared identifier is reported only once for each function it appears in
../src/main.c: In function 'get_distance':
../src/main.c:283:38: error: 'BOTH' undeclared (first use in this function)
  XGpio_DiscreteClear(&Gpio, CHANNEL, BOTH);
                                      ^~~~
../src/main.c:289:38: error: 'TRIG' undeclared (first use in this function); did you mean 'TRUE'?
  XGpio_DiscreteWrite(&Gpio, CHANNEL, TRIG);
                                      ^~~~
                                      TRUE
../src/main.c:302:47: error: 'ECHO' undeclared (first use in this function)
  while(!(XGpio_DiscreteRead(&Gpio, CHANNEL) & ECHO)){}
                                               ^~~~
../src/main.c: In function 'TmrCtrPwmExample':
../src/main.c:402:6: warning: unused variable 'NoOfCycles' [-Wunused-variable]
  u8  NoOfCycles;
      ^~~~~~~~~~
../src/main.c:401:6: warning: variable 'DutyCycle' set but not used [-Wunused-but-set-variable]
  u8  DutyCycle;
      ^~~~~~~~~
src/subdir.mk:21: recipe for target 'src/main.o' failed
make: *** [src/main.o] Error 1
21:17:27 **** Auto Build of configuration Debug for project us_arm_control_system ****
make pre-build main-build 
a9-linaro-pre-build-step
 
Building file: ../src/main.c
Invoking: ARM v7 gcc compiler
arm-none-eabi-gcc -Wall -O0 -g3 -c -fmessage-length=0 -MT"src/main.o" -mcpu=cortex-a9 -mfpu=vfpv3 -mfloat-abi=hard -I../../hw_bsp/ps7_cortexa9_0/include -MMD -MP -MF"src/main.d" -MT"src/main.o" -o "src/main.o" "../src/main.c"
In file included from ../src/main.c:44:0:
../../hw_bsp/ps7_cortexa9_0/include/xtime_l.h:87:9: note: #pragma message: For the sleep routines, Global timer is being used
 #pragma message ("For the sleep routines, Global timer is being used")
         ^~~~~~~
../src/main.c: In function 'main':
../src/main.c:163:54: error: 'US0_LED' undeclared (first use in this function)
  XGpio_SetDataDirection(&Gpio, CHANNEL, ~(US0_TRIG & US0_LED));
                                                      ^~~~~~~
../src/main.c:163:54: note: each undeclared identifier is reported only once for each function it appears in
../src/main.c: In function 'get_distance':
../src/main.c:283:38: error: 'BOTH' undeclared (first use in this function)
  XGpio_DiscreteClear(&Gpio, CHANNEL, BOTH);
                                      ^~~~
../src/main.c:289:38: error: 'TRIG' undeclared (first use in this function); did you mean 'TRUE'?
  XGpio_DiscreteWrite(&Gpio, CHANNEL, TRIG);
                                      ^~~~
                                      TRUE
../src/main.c:302:47: error: 'ECHO' undeclared (first use in this function)
  while(!(XGpio_DiscreteRead(&Gpio, CHANNEL) & ECHO)){}
                                               ^~~~
../src/main.c: In function 'TmrCtrPwmExample':
../src/main.c:402:6: warning: unused variable 'NoOfCycles' [-Wunused-variable]
  u8  NoOfCycles;
      ^~~~~~~~~~
../src/main.c:401:6: warning: variable 'DutyCycle' set but not used [-Wunused-but-set-variable]
  u8  DutyCycle;
      ^~~~~~~~~
make: *** [src/main.o] Error 1
src/subdir.mk:21: recipe for target 'src/main.o' failed
21:17:38 **** Auto Build of configuration Debug for project us_arm_control_system ****
make pre-build main-build 
a9-linaro-pre-build-step
 
Building file: ../src/main.c
Invoking: ARM v7 gcc compiler
arm-none-eabi-gcc -Wall -O0 -g3 -c -fmessage-length=0 -MT"src/main.o" -mcpu=cortex-a9 -mfpu=vfpv3 -mfloat-abi=hard -I../../hw_bsp/ps7_cortexa9_0/include -MMD -MP -MF"src/main.d" -MT"src/main.o" -o "src/main.o" "../src/main.c"
In file included from ../src/main.c:44:0:
../../hw_bsp/ps7_cortexa9_0/include/xtime_l.h:87:9: note: #pragma message: For the sleep routines, Global timer is being used
 #pragma message ("For the sleep routines, Global timer is being used")
         ^~~~~~~
../src/main.c: In function 'get_distance':
../src/main.c:283:38: error: 'BOTH' undeclared (first use in this function)
  XGpio_DiscreteClear(&Gpio, CHANNEL, BOTH);
                                      ^~~~
../src/main.c:283:38: note: each undeclared identifier is reported only once for each function it appears in
../src/main.c:289:38: error: 'TRIG' undeclared (first use in this function); did you mean 'TRUE'?
  XGpio_DiscreteWrite(&Gpio, CHANNEL, TRIG);
                                      ^~~~
                                      TRUE
../src/main.c:302:47: error: 'ECHO' undeclared (first use in this function)
  while(!(XGpio_DiscreteRead(&Gpio, CHANNEL) & ECHO)){}
                                               ^~~~
../src/main.c: In function 'TmrCtrPwmExample':
../src/main.c:402:6: warning: unused variable 'NoOfCycles' [-Wunused-variable]
  u8  NoOfCycles;
      ^~~~~~~~~~
../src/main.c:401:6: warning: variable 'DutyCycle' set but not used [-Wunused-but-set-variable]
  u8  DutyCycle;
      ^~~~~~~~~
src/subdir.mk:21: recipe for target 'src/main.o' failed
make: *** [src/main.o] Error 1
21:18:00 **** Auto Build of configuration Debug for project us_arm_control_system ****
make pre-build main-build 
a9-linaro-pre-build-step
 
Building file: ../src/main.c
Invoking: ARM v7 gcc compiler
arm-none-eabi-gcc -Wall -O0 -g3 -c -fmessage-length=0 -MT"src/main.o" -mcpu=cortex-a9 -mfpu=vfpv3 -mfloat-abi=hard -I../../hw_bsp/ps7_cortexa9_0/include -MMD -MP -MF"src/main.d" -MT"src/main.o" -o "src/main.o" "../src/main.c"
In file included from ../src/main.c:44:0:
../../hw_bsp/ps7_cortexa9_0/include/xtime_l.h:87:9: note: #pragma message: For the sleep routines, Global timer is being used
 #pragma message ("For the sleep routines, Global timer is being used")
         ^~~~~~~
../src/main.c: In function 'main':
../src/main.c:162:54: error: 'LED' undeclared (first use in this function)
  XGpio_SetDataDirection(&Gpio, CHANNEL, ~(US0_TRIG & LED));
                                                      ^~~
../src/main.c:162:54: note: each undeclared identifier is reported only once for each function it appears in
../src/main.c: In function 'get_distance':
../src/main.c:282:38: error: 'BOTH' undeclared (first use in this function)
  XGpio_DiscreteClear(&Gpio, CHANNEL, BOTH);
                                      ^~~~
../src/main.c:288:38: error: 'TRIG' undeclared (first use in this function); did you mean 'TRUE'?
  XGpio_DiscreteWrite(&Gpio, CHANNEL, TRIG);
                                      ^~~~
                                      TRUE
../src/main.c:301:47: error: 'ECHO' undeclared (first use in this function)
  while(!(XGpio_DiscreteRead(&Gpio, CHANNEL) & ECHO)){}
                                               ^~~~
../src/main.c: In function 'TmrCtrPwmExample':
../src/main.c:401:6: warning: unused variable 'NoOfCycles' [-Wunused-variable]
  u8  NoOfCycles;
      ^~~~~~~~~~
../src/main.c:400:6: warning: variable 'DutyCycle' set but not used [-Wunused-but-set-variable]
  u8  DutyCycle;
      ^~~~~~~~~
make: *** [src/main.o] Error 1
src/subdir.mk:21: recipe for target 'src/main.o' failed
21:18:14 **** Auto Build of configuration Debug for project us_arm_control_system ****
make pre-build main-build 
a9-linaro-pre-build-step
 
Building file: ../src/main.c
Invoking: ARM v7 gcc compiler
arm-none-eabi-gcc -Wall -O0 -g3 -c -fmessage-length=0 -MT"src/main.o" -mcpu=cortex-a9 -mfpu=vfpv3 -mfloat-abi=hard -I../../hw_bsp/ps7_cortexa9_0/include -MMD -MP -MF"src/main.d" -MT"src/main.o" -o "src/main.o" "../src/main.c"
In file included from ../src/main.c:44:0:
../../hw_bsp/ps7_cortexa9_0/include/xtime_l.h:87:9: note: #pragma message: For the sleep routines, Global timer is being used
 #pragma message ("For the sleep routines, Global timer is being used")
         ^~~~~~~
../src/main.c: In function 'get_distance':
../src/main.c:282:38: error: 'BOTH' undeclared (first use in this function)
  XGpio_DiscreteClear(&Gpio, CHANNEL, BOTH);
                                      ^~~~
../src/main.c:282:38: note: each undeclared identifier is reported only once for each function it appears in
../src/main.c:288:38: error: 'TRIG' undeclared (first use in this function); did you mean 'TRUE'?
  XGpio_DiscreteWrite(&Gpio, CHANNEL, TRIG);
                                      ^~~~
                                      TRUE
../src/main.c:301:47: error: 'ECHO' undeclared (first use in this function)
  while(!(XGpio_DiscreteRead(&Gpio, CHANNEL) & ECHO)){}
                                               ^~~~
../src/main.c: In function 'TmrCtrPwmExample':
../src/main.c:401:6: warning: unused variable 'NoOfCycles' [-Wunused-variable]
  u8  NoOfCycles;
      ^~~~~~~~~~
../src/main.c:400:6: warning: variable 'DutyCycle' set but not used [-Wunused-but-set-variable]
  u8  DutyCycle;
      ^~~~~~~~~
make: *** [src/main.o] Error 1
src/subdir.mk:21: recipe for target 'src/main.o' failed
21:18:43 **** Auto Build of configuration Debug for project us_arm_control_system ****
make pre-build main-build 
a9-linaro-pre-build-step
 
Building file: ../src/main.c
Invoking: ARM v7 gcc compiler
arm-none-eabi-gcc -Wall -O0 -g3 -c -fmessage-length=0 -MT"src/main.o" -mcpu=cortex-a9 -mfpu=vfpv3 -mfloat-abi=hard -I../../hw_bsp/ps7_cortexa9_0/include -MMD -MP -MF"src/main.d" -MT"src/main.o" -o "src/main.o" "../src/main.c"
In file included from ../src/main.c:44:0:
../../hw_bsp/ps7_cortexa9_0/include/xtime_l.h:87:9: note: #pragma message: For the sleep routines, Global timer is being used
 #pragma message ("For the sleep routines, Global timer is being used")
         ^~~~~~~
../src/main.c: In function 'main':
../src/main.c:164:42: error: 'US2_TRIG' undeclared (first use in this function); did you mean 'US1_TRIG'?
  XGpio_SetDataDirection(&Gpio, CHANNEL, ~US2_TRIG);
                                          ^~~~~~~~
                                          US1_TRIG
../src/main.c:164:42: note: each undeclared identifier is reported only once for each function it appears in
../src/main.c:165:42: error: 'US3_TRIG' undeclared (first use in this function); did you mean 'US2_TRIG'?
  XGpio_SetDataDirection(&Gpio, CHANNEL, ~US3_TRIG);
                                          ^~~~~~~~
                                          US2_TRIG
../src/main.c: In function 'get_distance':
../src/main.c:286:38: error: 'BOTH' undeclared (first use in this function)
  XGpio_DiscreteClear(&Gpio, CHANNEL, BOTH);
                                      ^~~~
../src/main.c:292:38: error: 'TRIG' undeclared (first use in this function); did you mean 'TRUE'?
  XGpio_DiscreteWrite(&Gpio, CHANNEL, TRIG);
                                      ^~~~
                                      TRUE
../src/main.c:305:47: error: 'ECHO' undeclared (first use in this function)
  while(!(XGpio_DiscreteRead(&Gpio, CHANNEL) & ECHO)){}
                                               ^~~~
../src/main.c: In function 'TmrCtrPwmExample':
../src/main.c:405:6: warning: unused variable 'NoOfCycles' [-Wunused-variable]
  u8  NoOfCycles;
      ^~~~~~~~~~
../src/main.c:404:6: warning: variable 'DutyCycle' set but not used [-Wunused-but-set-variable]
  u8  DutyCycle;
      ^~~~~~~~~
make: *** [src/main.o] Error 1
src/subdir.mk:21: recipe for target 'src/main.o' failed
21:19:05 **** Auto Build of configuration Debug for project us_arm_control_system ****
make pre-build main-build 
a9-linaro-pre-build-step
 
Building file: ../src/main.c
Invoking: ARM v7 gcc compiler
arm-none-eabi-gcc -Wall -O0 -g3 -c -fmessage-length=0 -MT"src/main.o" -mcpu=cortex-a9 -mfpu=vfpv3 -mfloat-abi=hard -I../../hw_bsp/ps7_cortexa9_0/include -MMD -MP -MF"src/main.d" -MT"src/main.o" -o "src/main.o" "../src/main.c"
In file included from ../src/main.c:44:0:
../../hw_bsp/ps7_cortexa9_0/include/xtime_l.h:87:9: note: #pragma message: For the sleep routines, Global timer is being used
 #pragma message ("For the sleep routines, Global timer is being used")
         ^~~~~~~
../src/main.c: In function 'main':
../src/main.c:170:42: error: 'US2_TRIG' undeclared (first use in this function); did you mean 'US1_TRIG'?
  XGpio_SetDataDirection(&Gpio, CHANNEL, ~US2_TRIG);
                                          ^~~~~~~~
                                          US1_TRIG
../src/main.c:170:42: note: each undeclared identifier is reported only once for each function it appears in
../src/main.c:171:42: error: 'US3_TRIG' undeclared (first use in this function); did you mean 'US2_TRIG'?
  XGpio_SetDataDirection(&Gpio, CHANNEL, ~US3_TRIG);
                                          ^~~~~~~~
                                          US2_TRIG
../src/main.c: In function 'get_distance':
../src/main.c:292:38: error: 'BOTH' undeclared (first use in this function)
  XGpio_DiscreteClear(&Gpio, CHANNEL, BOTH);
                                      ^~~~
../src/main.c:298:38: error: 'TRIG' undeclared (first use in this function); did you mean 'TRUE'?
  XGpio_DiscreteWrite(&Gpio, CHANNEL, TRIG);
                                      ^~~~
                                      TRUE
../src/main.c:311:47: error: 'ECHO' undeclared (first use in this function)
  while(!(XGpio_DiscreteRead(&Gpio, CHANNEL) & ECHO)){}
                                               ^~~~
../src/main.c: In function 'TmrCtrPwmExample':
../src/main.c:411:6: warning: unused variable 'NoOfCycles' [-Wunused-variable]
  u8  NoOfCycles;
      ^~~~~~~~~~
../src/main.c:410:6: warning: variable 'DutyCycle' set but not used [-Wunused-but-set-variable]
  u8  DutyCycle;
      ^~~~~~~~~
make: *** [src/main.o] Error 1
src/subdir.mk:21: recipe for target 'src/main.o' failed
21:19:20 **** Auto Build of configuration Debug for project us_arm_control_system ****
make pre-build main-build 
a9-linaro-pre-build-step
 
Building file: ../src/main.c
Invoking: ARM v7 gcc compiler
arm-none-eabi-gcc -Wall -O0 -g3 -c -fmessage-length=0 -MT"src/main.o" -mcpu=cortex-a9 -mfpu=vfpv3 -mfloat-abi=hard -I../../hw_bsp/ps7_cortexa9_0/include -MMD -MP -MF"src/main.d" -MT"src/main.o" -o "src/main.o" "../src/main.c"
In file included from ../src/main.c:44:0:
../../hw_bsp/ps7_cortexa9_0/include/xtime_l.h:87:9: note: #pragma message: For the sleep routines, Global timer is being used
 #pragma message ("For the sleep routines, Global timer is being used")
         ^~~~~~~
../src/main.c: In function 'get_distance':
../src/main.c:292:38: error: 'BOTH' undeclared (first use in this function)
  XGpio_DiscreteClear(&Gpio, CHANNEL, BOTH);
                                      ^~~~
../src/main.c:292:38: note: each undeclared identifier is reported only once for each function it appears in
../src/main.c:298:38: error: 'TRIG' undeclared (first use in this function); did you mean 'TRUE'?
  XGpio_DiscreteWrite(&Gpio, CHANNEL, TRIG);
                                      ^~~~
                                      TRUE
../src/main.c:311:47: error: 'ECHO' undeclared (first use in this function)
  while(!(XGpio_DiscreteRead(&Gpio, CHANNEL) & ECHO)){}
                                               ^~~~
../src/main.c: In function 'TmrCtrPwmExample':
../src/main.c:411:6: warning: unused variable 'NoOfCycles' [-Wunused-variable]
  u8  NoOfCycles;
      ^~~~~~~~~~
../src/main.c:410:6: warning: variable 'DutyCycle' set but not used [-Wunused-but-set-variable]
  u8  DutyCycle;
      ^~~~~~~~~
src/subdir.mk:21: recipe for target 'src/main.o' failed
make: *** [src/main.o] Error 1
21:20:35 **** Auto Build of configuration Debug for project us_arm_control_system ****
make pre-build main-build 
a9-linaro-pre-build-step
 
Building file: ../src/main.c
Invoking: ARM v7 gcc compiler
arm-none-eabi-gcc -Wall -O0 -g3 -c -fmessage-length=0 -MT"src/main.o" -mcpu=cortex-a9 -mfpu=vfpv3 -mfloat-abi=hard -I../../hw_bsp/ps7_cortexa9_0/include -MMD -MP -MF"src/main.d" -MT"src/main.o" -o "src/main.o" "../src/main.c"
In file included from ../src/main.c:44:0:
../../hw_bsp/ps7_cortexa9_0/include/xtime_l.h:87:9: note: #pragma message: For the sleep routines, Global timer is being used
 #pragma message ("For the sleep routines, Global timer is being used")
         ^~~~~~~
../src/main.c: In function 'get_distance':
../src/main.c:292:38: error: 'BOTH' undeclared (first use in this function)
  XGpio_DiscreteClear(&Gpio, CHANNEL, BOTH);
                                      ^~~~
../src/main.c:292:38: note: each undeclared identifier is reported only once for each function it appears in
../src/main.c:298:38: error: 'TRIG' undeclared (first use in this function); did you mean 'TRUE'?
  XGpio_DiscreteWrite(&Gpio, CHANNEL, TRIG);
                                      ^~~~
                                      TRUE
../src/main.c:311:47: error: 'ECHO' undeclared (first use in this function)
  while(!(XGpio_DiscreteRead(&Gpio, CHANNEL) & ECHO)){}
                                               ^~~~
../src/main.c: In function 'TmrCtrPwmExample':
../src/main.c:411:6: warning: unused variable 'NoOfCycles' [-Wunused-variable]
  u8  NoOfCycles;
      ^~~~~~~~~~
../src/main.c:410:6: warning: variable 'DutyCycle' set but not used [-Wunused-but-set-variable]
  u8  DutyCycle;
      ^~~~~~~~~
src/subdir.mk:21: recipe for target 'src/main.o' failed
make: *** [src/main.o] Error 1
21:20:38 **** Auto Build of configuration Debug for project us_arm_control_system ****
make pre-build main-build 
a9-linaro-pre-build-step
 
Building file: ../src/main.c
Invoking: ARM v7 gcc compiler
arm-none-eabi-gcc -Wall -O0 -g3 -c -fmessage-length=0 -MT"src/main.o" -mcpu=cortex-a9 -mfpu=vfpv3 -mfloat-abi=hard -I../../hw_bsp/ps7_cortexa9_0/include -MMD -MP -MF"src/main.d" -MT"src/main.o" -o "src/main.o" "../src/main.c"
In file included from ../src/main.c:44:0:
../../hw_bsp/ps7_cortexa9_0/include/xtime_l.h:87:9: note: #pragma message: For the sleep routines, Global timer is being used
 #pragma message ("For the sleep routines, Global timer is being used")
         ^~~~~~~
../src/main.c: In function 'get_distance':
../src/main.c:291:38: error: 'BOTH' undeclared (first use in this function)
  XGpio_DiscreteClear(&Gpio, CHANNEL, BOTH);
                                      ^~~~
../src/main.c:291:38: note: each undeclared identifier is reported only once for each function it appears in
../src/main.c:297:38: error: 'TRIG' undeclared (first use in this function); did you mean 'TRUE'?
  XGpio_DiscreteWrite(&Gpio, CHANNEL, TRIG);
                                      ^~~~
                                      TRUE
../src/main.c:310:47: error: 'ECHO' undeclared (first use in this function)
  while(!(XGpio_DiscreteRead(&Gpio, CHANNEL) & ECHO)){}
                                               ^~~~
../src/main.c: In function 'TmrCtrPwmExample':
../src/main.c:410:6: warning: unused variable 'NoOfCycles' [-Wunused-variable]
  u8  NoOfCycles;
      ^~~~~~~~~~
../src/main.c:409:6: warning: variable 'DutyCycle' set but not used [-Wunused-but-set-variable]
  u8  DutyCycle;
      ^~~~~~~~~
src/subdir.mk:21: recipe for target 'src/main.o' failed
make: *** [src/main.o] Error 1
21:34:16 **** Auto Build of configuration Debug for project us_arm_control_system ****
make pre-build main-build 
a9-linaro-pre-build-step
 
Building file: ../src/main.c
Invoking: ARM v7 gcc compiler
arm-none-eabi-gcc -Wall -O0 -g3 -c -fmessage-length=0 -MT"src/main.o" -mcpu=cortex-a9 -mfpu=vfpv3 -mfloat-abi=hard -I../../hw_bsp/ps7_cortexa9_0/include -MMD -MP -MF"src/main.d" -MT"src/main.o" -o "src/main.o" "../src/main.c"
In file included from ../src/main.c:44:0:
../../hw_bsp/ps7_cortexa9_0/include/xtime_l.h:87:9: note: #pragma message: For the sleep routines, Global timer is being used
 #pragma message ("For the sleep routines, Global timer is being used")
         ^~~~~~~
../src/main.c: In function 'get_distance':
../src/main.c:286:7: warning: type of 'SENSOR' defaults to 'int' [-Wimplicit-int]
 float get_distance(SENSOR){
       ^~~~~~~~~~~~
../src/main.c:290:3: error: 'TRIG' undeclared (first use in this function); did you mean 'TRUE'?
   TRIG = US0_TRIG;
   ^~~~
   TRUE
../src/main.c:290:3: note: each undeclared identifier is reported only once for each function it appears in
../src/main.c:291:3: error: 'ECHO' undeclared (first use in this function)
   ECHO = US0_ECHO;
   ^~~~
../src/main.c:292:3: error: 'BOTH' undeclared (first use in this function)
   BOTH = US0_BOTH;
   ^~~~
../src/main.c: In function 'TmrCtrPwmExample':
../src/main.c:417:6: warning: unused variable 'NoOfCycles' [-Wunused-variable]
  u8  NoOfCycles;
      ^~~~~~~~~~
../src/main.c:416:6: warning: variable 'DutyCycle' set but not used [-Wunused-but-set-variable]
  u8  DutyCycle;
      ^~~~~~~~~
make: *** [src/main.o] Error 1
src/subdir.mk:21: recipe for target 'src/main.o' failed
21:34:20 **** Auto Build of configuration Debug for project us_arm_control_system ****
make pre-build main-build 
a9-linaro-pre-build-step
 
Building file: ../src/main.c
Invoking: ARM v7 gcc compiler
arm-none-eabi-gcc -Wall -O0 -g3 -c -fmessage-length=0 -MT"src/main.o" -mcpu=cortex-a9 -mfpu=vfpv3 -mfloat-abi=hard -I../../hw_bsp/ps7_cortexa9_0/include -MMD -MP -MF"src/main.d" -MT"src/main.o" -o "src/main.o" "../src/main.c"
In file included from ../src/main.c:44:0:
../../hw_bsp/ps7_cortexa9_0/include/xtime_l.h:87:9: note: #pragma message: For the sleep routines, Global timer is being used
 #pragma message ("For the sleep routines, Global timer is being used")
         ^~~~~~~
../src/main.c: In function 'get_distance':
../src/main.c:286:7: warning: type of 'SENSOR' defaults to 'int' [-Wimplicit-int]
 float get_distance(SENSOR){
       ^~~~~~~~~~~~
../src/main.c:290:3: error: 'TRIG' undeclared (first use in this function); did you mean 'TRUE'?
   TRIG = US0_TRIG;
   ^~~~
   TRUE
../src/main.c:290:3: note: each undeclared identifier is reported only once for each function it appears in
../src/main.c:291:3: error: 'ECHO' undeclared (first use in this function)
   ECHO = US0_ECHO;
   ^~~~
../src/main.c:292:3: error: 'BOTH' undeclared (first use in this function)
   BOTH = US0_BOTH;
   ^~~~
../src/main.c: In function 'TmrCtrPwmExample':
../src/main.c:418:6: warning: unused variable 'NoOfCycles' [-Wunused-variable]
  u8  NoOfCycles;
      ^~~~~~~~~~
../src/main.c:417:6: warning: variable 'DutyCycle' set but not used [-Wunused-but-set-variable]
  u8  DutyCycle;
      ^~~~~~~~~
src/subdir.mk:21: recipe for target 'src/main.o' failed
make: *** [src/main.o] Error 1
21:34:35 **** Auto Build of configuration Debug for project us_arm_control_system ****
make pre-build main-build 
a9-linaro-pre-build-step
 
Building file: ../src/main.c
Invoking: ARM v7 gcc compiler
arm-none-eabi-gcc -Wall -O0 -g3 -c -fmessage-length=0 -MT"src/main.o" -mcpu=cortex-a9 -mfpu=vfpv3 -mfloat-abi=hard -I../../hw_bsp/ps7_cortexa9_0/include -MMD -MP -MF"src/main.d" -MT"src/main.o" -o "src/main.o" "../src/main.c"
In file included from ../src/main.c:44:0:
../../hw_bsp/ps7_cortexa9_0/include/xtime_l.h:87:9: note: #pragma message: For the sleep routines, Global timer is being used
 #pragma message ("For the sleep routines, Global timer is being used")
         ^~~~~~~
../src/main.c: In function 'get_distance':
../src/main.c:286:7: warning: type of 'SENSOR' defaults to 'int' [-Wimplicit-int]
 float get_distance(SENSOR){
       ^~~~~~~~~~~~
../src/main.c: In function 'TmrCtrPwmExample':
../src/main.c:419:6: warning: unused variable 'NoOfCycles' [-Wunused-variable]
  u8  NoOfCycles;
      ^~~~~~~~~~
../src/main.c:418:6: warning: variable 'DutyCycle' set but not used [-Wunused-but-set-variable]
  u8  DutyCycle;
      ^~~~~~~~~
Finished building: ../src/main.c
 
Building target: us_arm_control_system.elf
Invoking: ARM v7 gcc linker
arm-none-eabi-gcc -mcpu=cortex-a9 -mfpu=vfpv3 -mfloat-abi=hard -Wl,-build-id=none -specs=Xilinx.spec -Wl,-T -Wl,../src/lscript.ld -L../../hw_bsp/ps7_cortexa9_0/lib -o "us_arm_control_system.elf"  ./src/main.o   -Wl,--start-group,-lxil,-lgcc,-lc,--end-group
Finished building target: us_arm_control_system.elf
 
Invoking: ARM v7 Print Size
arm-none-eabi-size us_arm_control_system.elf  |tee "us_arm_control_system.elf.size"
   text	   data	    bss	    dec	    hex	filename
  84356	   3424	  23424	 111204	  1b264	us_arm_control_system.elf
Finished building: us_arm_control_system.elf.size
 
21:35:08 **** Auto Build of configuration Debug for project us_arm_control_system ****
make pre-build main-build 
a9-linaro-pre-build-step
 
Building file: ../src/main.c
Invoking: ARM v7 gcc compiler
arm-none-eabi-gcc -Wall -O0 -g3 -c -fmessage-length=0 -MT"src/main.o" -mcpu=cortex-a9 -mfpu=vfpv3 -mfloat-abi=hard -I../../hw_bsp/ps7_cortexa9_0/include -MMD -MP -MF"src/main.d" -MT"src/main.o" -o "src/main.o" "../src/main.c"
In file included from ../src/main.c:44:0:
../../hw_bsp/ps7_cortexa9_0/include/xtime_l.h:87:9: note: #pragma message: For the sleep routines, Global timer is being used
 #pragma message ("For the sleep routines, Global timer is being used")
         ^~~~~~~
../src/main.c: In function 'get_distance':
../src/main.c:286:7: warning: type of 'SENSOR' defaults to 'int' [-Wimplicit-int]
 float get_distance(SENSOR){
       ^~~~~~~~~~~~
../src/main.c: In function 'TmrCtrPwmExample':
../src/main.c:433:6: warning: unused variable 'NoOfCycles' [-Wunused-variable]
  u8  NoOfCycles;
      ^~~~~~~~~~
../src/main.c:432:6: warning: variable 'DutyCycle' set but not used [-Wunused-but-set-variable]
  u8  DutyCycle;
      ^~~~~~~~~
Finished building: ../src/main.c
 
Building target: us_arm_control_system.elf
Invoking: ARM v7 gcc linker
arm-none-eabi-gcc -mcpu=cortex-a9 -mfpu=vfpv3 -mfloat-abi=hard -Wl,-build-id=none -specs=Xilinx.spec -Wl,-T -Wl,../src/lscript.ld -L../../hw_bsp/ps7_cortexa9_0/lib -o "us_arm_control_system.elf"  ./src/main.o   -Wl,--start-group,-lxil,-lgcc,-lc,--end-group
Finished building target: us_arm_control_system.elf
 
Invoking: ARM v7 Print Size
arm-none-eabi-size us_arm_control_system.elf  |tee "us_arm_control_system.elf.size"
   text	   data	    bss	    dec	    hex	filename
  84420	   3424	  23424	 111268	  1b2a4	us_arm_control_system.elf
Finished building: us_arm_control_system.elf.size
 
21:35:29 **** Auto Build of configuration Debug for project us_arm_control_system ****
make pre-build main-build 
a9-linaro-pre-build-step
 
Building file: ../src/main.c
Invoking: ARM v7 gcc compiler
arm-none-eabi-gcc -Wall -O0 -g3 -c -fmessage-length=0 -MT"src/main.o" -mcpu=cortex-a9 -mfpu=vfpv3 -mfloat-abi=hard -I../../hw_bsp/ps7_cortexa9_0/include -MMD -MP -MF"src/main.d" -MT"src/main.o" -o "src/main.o" "../src/main.c"
In file included from ../src/main.c:44:0:
../../hw_bsp/ps7_cortexa9_0/include/xtime_l.h:87:9: note: #pragma message: For the sleep routines, Global timer is being used
 #pragma message ("For the sleep routines, Global timer is being used")
         ^~~~~~~
../src/main.c: In function 'main':
../src/main.c:181:19: error: too few arguments to function 'get_distance'
    dist_list[i] = get_distance();
                   ^~~~~~~~~~~~
../src/main.c:141:7: note: declared here
 float get_distance(int SENSOR);
       ^~~~~~~~~~~~
../src/main.c: In function 'get_distance':
../src/main.c:286:7: warning: type of 'SENSOR' defaults to 'int' [-Wimplicit-int]
 float get_distance(SENSOR){
       ^~~~~~~~~~~~
../src/main.c: In function 'TmrCtrPwmExample':
../src/main.c:433:6: warning: unused variable 'NoOfCycles' [-Wunused-variable]
  u8  NoOfCycles;
      ^~~~~~~~~~
../src/main.c:432:6: warning: variable 'DutyCycle' set but not used [-Wunused-but-set-variable]
  u8  DutyCycle;
      ^~~~~~~~~
src/subdir.mk:21: recipe for target 'src/main.o' failed
make: *** [src/main.o] Error 1
21:35:36 **** Auto Build of configuration Debug for project us_arm_control_system ****
make pre-build main-build 
a9-linaro-pre-build-step
 
Building file: ../src/main.c
Invoking: ARM v7 gcc compiler
arm-none-eabi-gcc -Wall -O0 -g3 -c -fmessage-length=0 -MT"src/main.o" -mcpu=cortex-a9 -mfpu=vfpv3 -mfloat-abi=hard -I../../hw_bsp/ps7_cortexa9_0/include -MMD -MP -MF"src/main.d" -MT"src/main.o" -o "src/main.o" "../src/main.c"
In file included from ../src/main.c:44:0:
../../hw_bsp/ps7_cortexa9_0/include/xtime_l.h:87:9: note: #pragma message: For the sleep routines, Global timer is being used
 #pragma message ("For the sleep routines, Global timer is being used")
         ^~~~~~~
../src/main.c: In function 'main':
../src/main.c:181:19: error: too few arguments to function 'get_distance'
    dist_list[i] = get_distance();
                   ^~~~~~~~~~~~
../src/main.c:141:7: note: declared here
 float get_distance(int SENSOR);
       ^~~~~~~~~~~~
../src/main.c: In function 'TmrCtrPwmExample':
../src/main.c:433:6: warning: unused variable 'NoOfCycles' [-Wunused-variable]
  u8  NoOfCycles;
      ^~~~~~~~~~
../src/main.c:432:6: warning: variable 'DutyCycle' set but not used [-Wunused-but-set-variable]
  u8  DutyCycle;
      ^~~~~~~~~
make: *** [src/main.o] Error 1
src/subdir.mk:21: recipe for target 'src/main.o' failed
21:35:47 **** Auto Build of configuration Debug for project us_arm_control_system ****
make pre-build main-build 
a9-linaro-pre-build-step
 
Building file: ../src/main.c
Invoking: ARM v7 gcc compiler
arm-none-eabi-gcc -Wall -O0 -g3 -c -fmessage-length=0 -MT"src/main.o" -mcpu=cortex-a9 -mfpu=vfpv3 -mfloat-abi=hard -I../../hw_bsp/ps7_cortexa9_0/include -MMD -MP -MF"src/main.d" -MT"src/main.o" -o "src/main.o" "../src/main.c"
In file included from ../src/main.c:44:0:
../../hw_bsp/ps7_cortexa9_0/include/xtime_l.h:87:9: note: #pragma message: For the sleep routines, Global timer is being used
 #pragma message ("For the sleep routines, Global timer is being used")
         ^~~~~~~
../src/main.c: In function 'main':
../src/main.c:181:19: error: too few arguments to function 'get_distance'
    dist_list[i] = get_distance();
                   ^~~~~~~~~~~~
../src/main.c:141:7: note: declared here
 float get_distance(int SENSOR);
       ^~~~~~~~~~~~
../src/main.c: In function 'TmrCtrPwmExample':
../src/main.c:434:6: warning: unused variable 'NoOfCycles' [-Wunused-variable]
  u8  NoOfCycles;
      ^~~~~~~~~~
../src/main.c:433:6: warning: variable 'DutyCycle' set but not used [-Wunused-but-set-variable]
  u8  DutyCycle;
      ^~~~~~~~~
src/subdir.mk:21: recipe for target 'src/main.o' failed
make: *** [src/main.o] Error 1
21:35:57 **** Auto Build of configuration Debug for project us_arm_control_system ****
make pre-build main-build 
a9-linaro-pre-build-step
 
Building file: ../src/main.c
Invoking: ARM v7 gcc compiler
arm-none-eabi-gcc -Wall -O0 -g3 -c -fmessage-length=0 -MT"src/main.o" -mcpu=cortex-a9 -mfpu=vfpv3 -mfloat-abi=hard -I../../hw_bsp/ps7_cortexa9_0/include -MMD -MP -MF"src/main.d" -MT"src/main.o" -o "src/main.o" "../src/main.c"
In file included from ../src/main.c:44:0:
../../hw_bsp/ps7_cortexa9_0/include/xtime_l.h:87:9: note: #pragma message: For the sleep routines, Global timer is being used
 #pragma message ("For the sleep routines, Global timer is being used")
         ^~~~~~~
../src/main.c: In function 'main':
../src/main.c:181:19: error: too few arguments to function 'get_distance'
    dist_list[i] = get_distance();
                   ^~~~~~~~~~~~
../src/main.c:141:7: note: declared here
 float get_distance(int SENSOR);
       ^~~~~~~~~~~~
../src/main.c: In function 'TmrCtrPwmExample':
../src/main.c:433:6: warning: unused variable 'NoOfCycles' [-Wunused-variable]
  u8  NoOfCycles;
      ^~~~~~~~~~
../src/main.c:432:6: warning: variable 'DutyCycle' set but not used [-Wunused-but-set-variable]
  u8  DutyCycle;
      ^~~~~~~~~
make: *** [src/main.o] Error 1
src/subdir.mk:21: recipe for target 'src/main.o' failed
21:44:05 **** Clean-only build of configuration Debug for project us_arm_control_system_temp ****
make clean 
rm -rf  ./src/main.o  ./src/main.d  us_arm_control_system.elf.size  us_arm_control_system.elf
 
21:44:06 **** Build of configuration Debug for project us_arm_control_system_temp ****
make pre-build main-build 
a9-linaro-pre-build-step
 
Building file: ../src/main.c
Invoking: ARM v7 gcc compiler
arm-none-eabi-gcc -Wall -O0 -g3 -c -fmessage-length=0 -MT"src/main.o" -mcpu=cortex-a9 -mfpu=vfpv3 -mfloat-abi=hard -I../../hw_bsp/ps7_cortexa9_0/include -MMD -MP -MF"src/main.d" -MT"src/main.o" -o "src/main.o" "../src/main.c"
In file included from ../src/main.c:44:0:
../../hw_bsp/ps7_cortexa9_0/include/xtime_l.h:87:9: note: #pragma message: For the sleep routines, Global timer is being used
 #pragma message ("For the sleep routines, Global timer is being used")
         ^~~~~~~
../src/main.c: In function 'main':
../src/main.c:181:19: error: too few arguments to function 'get_distance'
    dist_list[i] = get_distance();
                   ^~~~~~~~~~~~
../src/main.c:141:7: note: declared here
 float get_distance(int SENSOR);
       ^~~~~~~~~~~~
../src/main.c: In function 'TmrCtrPwmExample':
../src/main.c:433:6: warning: unused variable 'NoOfCycles' [-Wunused-variable]
  u8  NoOfCycles;
      ^~~~~~~~~~
../src/main.c:432:6: warning: variable 'DutyCycle' set but not used [-Wunused-but-set-variable]
  u8  DutyCycle;
      ^~~~~~~~~
make: *** [src/main.o] Error 1
src/subdir.mk:21: recipe for target 'src/main.o' failed
21:44:32 **** Build of project us_arm_control_bsp ****
make -k all 
Running Make include in ps7_cortexa9_0/libsrc/ddrps_v1_0/src
make -C ps7_cortexa9_0/libsrc/ddrps_v1_0/src -s include  "SHELL=/bin/sh" "COMPILER=arm-none-eabi-gcc" "ARCHIVER=arm-none-eabi-ar" "COMPILER_FLAGS=  -O2 -c" "EXTRA_COMPILER_FLAGS=-mcpu=cortex-a9 -mfpu=vfpv3 -mfloat-abi=hard -nostartfiles -g -Wall -Wextra"
Running Make include in ps7_cortexa9_0/libsrc/sdps_v3_6/src
make -C ps7_cortexa9_0/libsrc/sdps_v3_6/src -s include  "SHELL=/bin/sh" "COMPILER=arm-none-eabi-gcc" "ARCHIVER=arm-none-eabi-ar" "COMPILER_FLAGS=  -O2 -c" "EXTRA_COMPILER_FLAGS=-mcpu=cortex-a9 -mfpu=vfpv3 -mfloat-abi=hard -nostartfiles -g -Wall -Wextra"
Running Make include in ps7_cortexa9_0/libsrc/tmrctr_v4_5/src
make -C ps7_cortexa9_0/libsrc/tmrctr_v4_5/src -s include  "SHELL=/bin/sh" "COMPILER=arm-none-eabi-gcc" "ARCHIVER=arm-none-eabi-ar" "COMPILER_FLAGS=  -O2 -c" "EXTRA_COMPILER_FLAGS=-mcpu=cortex-a9 -mfpu=vfpv3 -mfloat-abi=hard -nostartfiles -g -Wall -Wextra"
Running Make include in ps7_cortexa9_0/libsrc/standalone_v6_8/src
make -C ps7_cortexa9_0/libsrc/standalone_v6_8/src -s include  "SHELL=/bin/sh" "COMPILER=arm-none-eabi-gcc" "ARCHIVER=arm-none-eabi-ar" "COMPILER_FLAGS=  -O2 -c" "EXTRA_COMPILER_FLAGS=-mcpu=cortex-a9 -mfpu=vfpv3 -mfloat-abi=hard -nostartfiles -g -Wall -Wextra"
Running Make include in ps7_cortexa9_0/libsrc/dmaps_v2_4/src
make -C ps7_cortexa9_0/libsrc/dmaps_v2_4/src -s include  "SHELL=/bin/sh" "COMPILER=arm-none-eabi-gcc" "ARCHIVER=arm-none-eabi-ar" "COMPILER_FLAGS=  -O2 -c" "EXTRA_COMPILER_FLAGS=-mcpu=cortex-a9 -mfpu=vfpv3 -mfloat-abi=hard -nostartfiles -g -Wall -Wextra"
Running Make include in ps7_cortexa9_0/libsrc/cpu_cortexa9_v2_7/src
make -C ps7_cortexa9_0/libsrc/cpu_cortexa9_v2_7/src -s include  "SHELL=/bin/sh" "COMPILER=arm-none-eabi-gcc" "ARCHIVER=arm-none-eabi-ar" "COMPILER_FLAGS=  -O2 -c" "EXTRA_COMPILER_FLAGS=-mcpu=cortex-a9 -mfpu=vfpv3 -mfloat-abi=hard -nostartfiles -g -Wall -Wextra"
Running Make include in ps7_cortexa9_0/libsrc/emacps_v3_8/src
make -C ps7_cortexa9_0/libsrc/emacps_v3_8/src -s include  "SHELL=/bin/sh" "COMPILER=arm-none-eabi-gcc" "ARCHIVER=arm-none-eabi-ar" "COMPILER_FLAGS=  -O2 -c" "EXTRA_COMPILER_FLAGS=-mcpu=cortex-a9 -mfpu=vfpv3 -mfloat-abi=hard -nostartfiles -g -Wall -Wextra"
Running Make include in ps7_cortexa9_0/libsrc/gpiops_v3_4/src
make -C ps7_cortexa9_0/libsrc/gpiops_v3_4/src -s include  "SHELL=/bin/sh" "COMPILER=arm-none-eabi-gcc" "ARCHIVER=arm-none-eabi-ar" "COMPILER_FLAGS=  -O2 -c" "EXTRA_COMPILER_FLAGS=-mcpu=cortex-a9 -mfpu=vfpv3 -mfloat-abi=hard -nostartfiles -g -Wall -Wextra"
Running Make include in ps7_cortexa9_0/libsrc/qspips_v3_5/src
make -C ps7_cortexa9_0/libsrc/qspips_v3_5/src -s include  "SHELL=/bin/sh" "COMPILER=arm-none-eabi-gcc" "ARCHIVER=arm-none-eabi-ar" "COMPILER_FLAGS=  -O2 -c" "EXTRA_COMPILER_FLAGS=-mcpu=cortex-a9 -mfpu=vfpv3 -mfloat-abi=hard -nostartfiles -g -Wall -Wextra"
Running Make include in ps7_cortexa9_0/libsrc/scugic_v3_10/src
make -C ps7_cortexa9_0/libsrc/scugic_v3_10/src -s include  "SHELL=/bin/sh" "COMPILER=arm-none-eabi-gcc" "ARCHIVER=arm-none-eabi-ar" "COMPILER_FLAGS=  -O2 -c" "EXTRA_COMPILER_FLAGS=-mcpu=cortex-a9 -mfpu=vfpv3 -mfloat-abi=hard -nostartfiles -g -Wall -Wextra"
Running Make include in ps7_cortexa9_0/libsrc/xadcps_v2_3/src
make -C ps7_cortexa9_0/libsrc/xadcps_v2_3/src -s include  "SHELL=/bin/sh" "COMPILER=arm-none-eabi-gcc" "ARCHIVER=arm-none-eabi-ar" "COMPILER_FLAGS=  -O2 -c" "EXTRA_COMPILER_FLAGS=-mcpu=cortex-a9 -mfpu=vfpv3 -mfloat-abi=hard -nostartfiles -g -Wall -Wextra"
Running Make include in ps7_cortexa9_0/libsrc/devcfg_v3_5/src
make -C ps7_cortexa9_0/libsrc/devcfg_v3_5/src -s include  "SHELL=/bin/sh" "COMPILER=arm-none-eabi-gcc" "ARCHIVER=arm-none-eabi-ar" "COMPILER_FLAGS=  -O2 -c" "EXTRA_COMPILER_FLAGS=-mcpu=cortex-a9 -mfpu=vfpv3 -mfloat-abi=hard -nostartfiles -g -Wall -Wextra"
Running Make include in ps7_cortexa9_0/libsrc/gpio_v4_3/src
make -C ps7_cortexa9_0/libsrc/gpio_v4_3/src -s include  "SHELL=/bin/sh" "COMPILER=arm-none-eabi-gcc" "ARCHIVER=arm-none-eabi-ar" "COMPILER_FLAGS=  -O2 -c" "EXTRA_COMPILER_FLAGS=-mcpu=cortex-a9 -mfpu=vfpv3 -mfloat-abi=hard -nostartfiles -g -Wall -Wextra"
Running Make include in ps7_cortexa9_0/libsrc/scuwdt_v2_1/src
make -C ps7_cortexa9_0/libsrc/scuwdt_v2_1/src -s include  "SHELL=/bin/sh" "COMPILER=arm-none-eabi-gcc" "ARCHIVER=arm-none-eabi-ar" "COMPILER_FLAGS=  -O2 -c" "EXTRA_COMPILER_FLAGS=-mcpu=cortex-a9 -mfpu=vfpv3 -mfloat-abi=hard -nostartfiles -g -Wall -Wextra"
Running Make include in ps7_cortexa9_0/libsrc/uartps_v3_7/src
make -C ps7_cortexa9_0/libsrc/uartps_v3_7/src -s include  "SHELL=/bin/sh" "COMPILER=arm-none-eabi-gcc" "ARCHIVER=arm-none-eabi-ar" "COMPILER_FLAGS=  -O2 -c" "EXTRA_COMPILER_FLAGS=-mcpu=cortex-a9 -mfpu=vfpv3 -mfloat-abi=hard -nostartfiles -g -Wall -Wextra"
Running Make include in ps7_cortexa9_0/libsrc/usbps_v2_4/src
make -C ps7_cortexa9_0/libsrc/usbps_v2_4/src -s include  "SHELL=/bin/sh" "COMPILER=arm-none-eabi-gcc" "ARCHIVER=arm-none-eabi-ar" "COMPILER_FLAGS=  -O2 -c" "EXTRA_COMPILER_FLAGS=-mcpu=cortex-a9 -mfpu=vfpv3 -mfloat-abi=hard -nostartfiles -g -Wall -Wextra"
Running Make include in ps7_cortexa9_0/libsrc/coresightps_dcc_v1_4/src
make -C ps7_cortexa9_0/libsrc/coresightps_dcc_v1_4/src -s include  "SHELL=/bin/sh" "COMPILER=arm-none-eabi-gcc" "ARCHIVER=arm-none-eabi-ar" "COMPILER_FLAGS=  -O2 -c" "EXTRA_COMPILER_FLAGS=-mcpu=cortex-a9 -mfpu=vfpv3 -mfloat-abi=hard -nostartfiles -g -Wall -Wextra"
Running Make include in ps7_cortexa9_0/libsrc/scutimer_v2_1/src
make -C ps7_cortexa9_0/libsrc/scutimer_v2_1/src -s include  "SHELL=/bin/sh" "COMPILER=arm-none-eabi-gcc" "ARCHIVER=arm-none-eabi-ar" "COMPILER_FLAGS=  -O2 -c" "EXTRA_COMPILER_FLAGS=-mcpu=cortex-a9 -mfpu=vfpv3 -mfloat-abi=hard -nostartfiles -g -Wall -Wextra"
Running Make libs in ps7_cortexa9_0/libsrc/ddrps_v1_0/src
make -C ps7_cortexa9_0/libsrc/ddrps_v1_0/src -s libs  "SHELL=/bin/sh" "COMPILER=arm-none-eabi-gcc" "ARCHIVER=arm-none-eabi-ar" "COMPILER_FLAGS=  -O2 -c" "EXTRA_COMPILER_FLAGS=-mcpu=cortex-a9 -mfpu=vfpv3 -mfloat-abi=hard -nostartfiles -g -Wall -Wextra"
Compiling ddrps
arm-none-eabi-ar: creating ../../../lib/libxil.a
Running Make libs in ps7_cortexa9_0/libsrc/sdps_v3_6/src
make -C ps7_cortexa9_0/libsrc/sdps_v3_6/src -s libs  "SHELL=/bin/sh" "COMPILER=arm-none-eabi-gcc" "ARCHIVER=arm-none-eabi-ar" "COMPILER_FLAGS=  -O2 -c" "EXTRA_COMPILER_FLAGS=-mcpu=cortex-a9 -mfpu=vfpv3 -mfloat-abi=hard -nostartfiles -g -Wall -Wextra"
Compiling sdps
Running Make libs in ps7_cortexa9_0/libsrc/tmrctr_v4_5/src
make -C ps7_cortexa9_0/libsrc/tmrctr_v4_5/src -s libs  "SHELL=/bin/sh" "COMPILER=arm-none-eabi-gcc" "ARCHIVER=arm-none-eabi-ar" "COMPILER_FLAGS=  -O2 -c" "EXTRA_COMPILER_FLAGS=-mcpu=cortex-a9 -mfpu=vfpv3 -mfloat-abi=hard -nostartfiles -g -Wall -Wextra"
Compiling tmrctr
Running Make libs in ps7_cortexa9_0/libsrc/standalone_v6_8/src
make -C ps7_cortexa9_0/libsrc/standalone_v6_8/src -s libs  "SHELL=/bin/sh" "COMPILER=arm-none-eabi-gcc" "ARCHIVER=arm-none-eabi-ar" "COMPILER_FLAGS=  -O2 -c" "EXTRA_COMPILER_FLAGS=-mcpu=cortex-a9 -mfpu=vfpv3 -mfloat-abi=hard -nostartfiles -g -Wall -Wextra"
Compiling standalone
In file included from sleep.c:53:0:
xtime_l.h:87:9: note: #pragma message: For the sleep routines, Global timer is being used
 #pragma message ("For the sleep routines, Global timer is being used")
         ^~~~~~~
In file included from xtime_l.c:49:0:
xtime_l.h:87:9: note: #pragma message: For the sleep routines, Global timer is being used
 #pragma message ("For the sleep routines, Global timer is being used")
         ^~~~~~~
In file included from xil_sleeptimer.c:51:0:
xtime_l.h:87:9: note: #pragma message: For the sleep routines, Global timer is being used
 #pragma message ("For the sleep routines, Global timer is being used")
         ^~~~~~~
In file included from usleep.c:56:0:
xtime_l.h:87:9: note: #pragma message: For the sleep routines, Global timer is being used
 #pragma message ("For the sleep routines, Global timer is being used")
         ^~~~~~~
Running Make libs in ps7_cortexa9_0/libsrc/dmaps_v2_4/src
make -C ps7_cortexa9_0/libsrc/dmaps_v2_4/src -s libs  "SHELL=/bin/sh" "COMPILER=arm-none-eabi-gcc" "ARCHIVER=arm-none-eabi-ar" "COMPILER_FLAGS=  -O2 -c" "EXTRA_COMPILER_FLAGS=-mcpu=cortex-a9 -mfpu=vfpv3 -mfloat-abi=hard -nostartfiles -g -Wall -Wextra"
Compiling dmaps
Running Make libs in ps7_cortexa9_0/libsrc/cpu_cortexa9_v2_7/src
make -C ps7_cortexa9_0/libsrc/cpu_cortexa9_v2_7/src -s libs  "SHELL=/bin/sh" "COMPILER=arm-none-eabi-gcc" "ARCHIVER=arm-none-eabi-ar" "COMPILER_FLAGS=  -O2 -c" "EXTRA_COMPILER_FLAGS=-mcpu=cortex-a9 -mfpu=vfpv3 -mfloat-abi=hard -nostartfiles -g -Wall -Wextra"
Compiling cpu_cortexa9
Running Make libs in ps7_cortexa9_0/libsrc/emacps_v3_8/src
make -C ps7_cortexa9_0/libsrc/emacps_v3_8/src -s libs  "SHELL=/bin/sh" "COMPILER=arm-none-eabi-gcc" "ARCHIVER=arm-none-eabi-ar" "COMPILER_FLAGS=  -O2 -c" "EXTRA_COMPILER_FLAGS=-mcpu=cortex-a9 -mfpu=vfpv3 -mfloat-abi=hard -nostartfiles -g -Wall -Wextra"
Compiling emacps
Running Make libs in ps7_cortexa9_0/libsrc/gpiops_v3_4/src
make -C ps7_cortexa9_0/libsrc/gpiops_v3_4/src -s libs  "SHELL=/bin/sh" "COMPILER=arm-none-eabi-gcc" "ARCHIVER=arm-none-eabi-ar" "COMPILER_FLAGS=  -O2 -c" "EXTRA_COMPILER_FLAGS=-mcpu=cortex-a9 -mfpu=vfpv3 -mfloat-abi=hard -nostartfiles -g -Wall -Wextra"
Compiling gpiops
Running Make libs in ps7_cortexa9_0/libsrc/qspips_v3_5/src
make -C ps7_cortexa9_0/libsrc/qspips_v3_5/src -s libs  "SHELL=/bin/sh" "COMPILER=arm-none-eabi-gcc" "ARCHIVER=arm-none-eabi-ar" "COMPILER_FLAGS=  -O2 -c" "EXTRA_COMPILER_FLAGS=-mcpu=cortex-a9 -mfpu=vfpv3 -mfloat-abi=hard -nostartfiles -g -Wall -Wextra"
Compiling qspips
Running Make libs in ps7_cortexa9_0/libsrc/scugic_v3_10/src
make -C ps7_cortexa9_0/libsrc/scugic_v3_10/src -s libs  "SHELL=/bin/sh" "COMPILER=arm-none-eabi-gcc" "ARCHIVER=arm-none-eabi-ar" "COMPILER_FLAGS=  -O2 -c" "EXTRA_COMPILER_FLAGS=-mcpu=cortex-a9 -mfpu=vfpv3 -mfloat-abi=hard -nostartfiles -g -Wall -Wextra"
Compiling scugic
Running Make libs in ps7_cortexa9_0/libsrc/xadcps_v2_3/src
make -C ps7_cortexa9_0/libsrc/xadcps_v2_3/src -s libs  "SHELL=/bin/sh" "COMPILER=arm-none-eabi-gcc" "ARCHIVER=arm-none-eabi-ar" "COMPILER_FLAGS=  -O2 -c" "EXTRA_COMPILER_FLAGS=-mcpu=cortex-a9 -mfpu=vfpv3 -mfloat-abi=hard -nostartfiles -g -Wall -Wextra"
Compiling xadcps
Running Make libs in ps7_cortexa9_0/libsrc/devcfg_v3_5/src
make -C ps7_cortexa9_0/libsrc/devcfg_v3_5/src -s libs  "SHELL=/bin/sh" "COMPILER=arm-none-eabi-gcc" "ARCHIVER=arm-none-eabi-ar" "COMPILER_FLAGS=  -O2 -c" "EXTRA_COMPILER_FLAGS=-mcpu=cortex-a9 -mfpu=vfpv3 -mfloat-abi=hard -nostartfiles -g -Wall -Wextra"
Compiling devcfg
Running Make libs in ps7_cortexa9_0/libsrc/gpio_v4_3/src
make -C ps7_cortexa9_0/libsrc/gpio_v4_3/src -s libs  "SHELL=/bin/sh" "COMPILER=arm-none-eabi-gcc" "ARCHIVER=arm-none-eabi-ar" "COMPILER_FLAGS=  -O2 -c" "EXTRA_COMPILER_FLAGS=-mcpu=cortex-a9 -mfpu=vfpv3 -mfloat-abi=hard -nostartfiles -g -Wall -Wextra"
Compiling gpio
Running Make libs in ps7_cortexa9_0/libsrc/scuwdt_v2_1/src
make -C ps7_cortexa9_0/libsrc/scuwdt_v2_1/src -s libs  "SHELL=/bin/sh" "COMPILER=arm-none-eabi-gcc" "ARCHIVER=arm-none-eabi-ar" "COMPILER_FLAGS=  -O2 -c" "EXTRA_COMPILER_FLAGS=-mcpu=cortex-a9 -mfpu=vfpv3 -mfloat-abi=hard -nostartfiles -g -Wall -Wextra"
[...]
arm-none-eabi-gcc -mcpu=cortex-a9 -mfpu=vfpv3 -mfloat-abi=hard -Wl,-build-id=none -specs=Xilinx.spec -Wl,-T -Wl,../src/lscript.ld -L../../us_arm_control_system_bsp/ps7_cortexa9_0/lib -o "us_arm_control_system.elf"  ./src/helloworld.o ./src/platform.o   -Wl,--start-group,-lxil,-lgcc,-lc,--end-group
Finished building target: us_arm_control_system.elf
 
Invoking: ARM v7 Print Size
arm-none-eabi-size us_arm_control_system.elf  |tee "us_arm_control_system.elf.size"
   text	   data	    bss	    dec	    hex	filename
  84944	   3456	  23440	 111840	  1b4e0	us_arm_control_system.elf
Finished building: us_arm_control_system.elf.size
 
00:11:20 **** Auto Build of configuration Debug for project us_arm_control_system ****
make pre-build main-build 
a9-linaro-pre-build-step
 
Building file: ../src/helloworld.c
Invoking: ARM v7 gcc compiler
arm-none-eabi-gcc -Wall -O0 -g3 -c -fmessage-length=0 -MT"src/helloworld.o" -mcpu=cortex-a9 -mfpu=vfpv3 -mfloat-abi=hard -I../../us_arm_control_system_bsp/ps7_cortexa9_0/include -MMD -MP -MF"src/helloworld.d" -MT"src/helloworld.o" -o "src/helloworld.o" "../src/helloworld.c"
In file included from ../src/helloworld.c:44:0:
../../us_arm_control_system_bsp/ps7_cortexa9_0/include/xtime_l.h:87:9: note: #pragma message: For the sleep routines, Global timer is being used
 #pragma message ("For the sleep routines, Global timer is being used")
         ^~~~~~~
../src/helloworld.c: In function 'TmrCtrPwmConfig':
../src/helloworld.c:508:6: warning: unused variable 'NoOfCycles' [-Wunused-variable]
  u8  NoOfCycles;
      ^~~~~~~~~~
../src/helloworld.c:507:6: warning: variable 'DutyCycle' set but not used [-Wunused-but-set-variable]
  u8  DutyCycle;
      ^~~~~~~~~
Finished building: ../src/helloworld.c
 
Building target: us_arm_control_system.elf
Invoking: ARM v7 gcc linker
arm-none-eabi-gcc -mcpu=cortex-a9 -mfpu=vfpv3 -mfloat-abi=hard -Wl,-build-id=none -specs=Xilinx.spec -Wl,-T -Wl,../src/lscript.ld -L../../us_arm_control_system_bsp/ps7_cortexa9_0/lib -o "us_arm_control_system.elf"  ./src/helloworld.o ./src/platform.o   -Wl,--start-group,-lxil,-lgcc,-lc,--end-group
Finished building target: us_arm_control_system.elf
 
Invoking: ARM v7 Print Size
arm-none-eabi-size us_arm_control_system.elf  |tee "us_arm_control_system.elf.size"
   text	   data	    bss	    dec	    hex	filename
  84944	   3448	  23440	 111832	  1b4d8	us_arm_control_system.elf
Finished building: us_arm_control_system.elf.size
 
00:11:26 **** Incremental Build of configuration Debug for project us_arm_control_system ****
make pre-build main-build 
a9-linaro-pre-build-step
 
make: Nothing to be done for 'main-build'.
00:12:25 **** Auto Build of configuration Debug for project us_arm_control_system ****
make pre-build main-build 
a9-linaro-pre-build-step
 
Building file: ../src/helloworld.c
Invoking: ARM v7 gcc compiler
arm-none-eabi-gcc -Wall -O0 -g3 -c -fmessage-length=0 -MT"src/helloworld.o" -mcpu=cortex-a9 -mfpu=vfpv3 -mfloat-abi=hard -I../../us_arm_control_system_bsp/ps7_cortexa9_0/include -MMD -MP -MF"src/helloworld.d" -MT"src/helloworld.o" -o "src/helloworld.o" "../src/helloworld.c"
In file included from ../src/helloworld.c:44:0:
../../us_arm_control_system_bsp/ps7_cortexa9_0/include/xtime_l.h:87:9: note: #pragma message: For the sleep routines, Global timer is being used
 #pragma message ("For the sleep routines, Global timer is being used")
         ^~~~~~~
../src/helloworld.c: In function 'TmrCtrPwmConfig':
../src/helloworld.c:508:6: warning: unused variable 'NoOfCycles' [-Wunused-variable]
  u8  NoOfCycles;
      ^~~~~~~~~~
../src/helloworld.c:507:6: warning: variable 'DutyCycle' set but not used [-Wunused-but-set-variable]
  u8  DutyCycle;
      ^~~~~~~~~
Finished building: ../src/helloworld.c
 
Building target: us_arm_control_system.elf
Invoking: ARM v7 gcc linker
arm-none-eabi-gcc -mcpu=cortex-a9 -mfpu=vfpv3 -mfloat-abi=hard -Wl,-build-id=none -specs=Xilinx.spec -Wl,-T -Wl,../src/lscript.ld -L../../us_arm_control_system_bsp/ps7_cortexa9_0/lib -o "us_arm_control_system.elf"  ./src/helloworld.o ./src/platform.o   -Wl,--start-group,-lxil,-lgcc,-lc,--end-group
Finished building target: us_arm_control_system.elf
 
Invoking: ARM v7 Print Size
arm-none-eabi-size us_arm_control_system.elf  |tee "us_arm_control_system.elf.size"
   text	   data	    bss	    dec	    hex	filename
  84944	   3448	  23440	 111832	  1b4d8	us_arm_control_system.elf
Finished building: us_arm_control_system.elf.size
 
00:12:27 **** Incremental Build of configuration Debug for project us_arm_control_system ****
make pre-build main-build 
a9-linaro-pre-build-step
 
make: Nothing to be done for 'main-build'.
00:26:02 **** Auto Build of configuration Debug for project us_arm_control_system ****
make pre-build main-build 
a9-linaro-pre-build-step
 
Building file: ../src/helloworld.c
Invoking: ARM v7 gcc compiler
arm-none-eabi-gcc -Wall -O0 -g3 -c -fmessage-length=0 -MT"src/helloworld.o" -mcpu=cortex-a9 -mfpu=vfpv3 -mfloat-abi=hard -I../../us_arm_control_system_bsp/ps7_cortexa9_0/include -MMD -MP -MF"src/helloworld.d" -MT"src/helloworld.o" -o "src/helloworld.o" "../src/helloworld.c"
In file included from ../src/helloworld.c:44:0:
../../us_arm_control_system_bsp/ps7_cortexa9_0/include/xtime_l.h:87:9: note: #pragma message: For the sleep routines, Global timer is being used
 #pragma message ("For the sleep routines, Global timer is being used")
         ^~~~~~~
../src/helloworld.c: In function 'TmrCtrPwmConfig':
../src/helloworld.c:508:6: warning: unused variable 'NoOfCycles' [-Wunused-variable]
  u8  NoOfCycles;
      ^~~~~~~~~~
../src/helloworld.c:507:6: warning: variable 'DutyCycle' set but not used [-Wunused-but-set-variable]
  u8  DutyCycle;
      ^~~~~~~~~
../src/helloworld.c: In function 'rotate_arm':
../src/helloworld.c:733:19: warning: format '%f' expects argument of type 'double', but argument 2 has type 'int' [-Wformat=]
  printf("Angle - %f us\n\n", baseAngle);
                  ~^
                  %d
Finished building: ../src/helloworld.c
 
Building target: us_arm_control_system.elf
Invoking: ARM v7 gcc linker
arm-none-eabi-gcc -mcpu=cortex-a9 -mfpu=vfpv3 -mfloat-abi=hard -Wl,-build-id=none -specs=Xilinx.spec -Wl,-T -Wl,../src/lscript.ld -L../../us_arm_control_system_bsp/ps7_cortexa9_0/lib -o "us_arm_control_system.elf"  ./src/helloworld.o ./src/platform.o   -Wl,--start-group,-lxil,-lgcc,-lc,--end-group
Finished building target: us_arm_control_system.elf
 
Invoking: ARM v7 Print Size
arm-none-eabi-size us_arm_control_system.elf  |tee "us_arm_control_system.elf.size"
   text	   data	    bss	    dec	    hex	filename
  85024	   3448	  23440	 111912	  1b528	us_arm_control_system.elf
Finished building: us_arm_control_system.elf.size
 
00:26:09 **** Auto Build of configuration Debug for project us_arm_control_system ****
make pre-build main-build 
a9-linaro-pre-build-step
 
Building file: ../src/helloworld.c
Invoking: ARM v7 gcc compiler
arm-none-eabi-gcc -Wall -O0 -g3 -c -fmessage-length=0 -MT"src/helloworld.o" -mcpu=cortex-a9 -mfpu=vfpv3 -mfloat-abi=hard -I../../us_arm_control_system_bsp/ps7_cortexa9_0/include -MMD -MP -MF"src/helloworld.d" -MT"src/helloworld.o" -o "src/helloworld.o" "../src/helloworld.c"
In file included from ../src/helloworld.c:44:0:
../../us_arm_control_system_bsp/ps7_cortexa9_0/include/xtime_l.h:87:9: note: #pragma message: For the sleep routines, Global timer is being used
 #pragma message ("For the sleep routines, Global timer is being used")
         ^~~~~~~
../src/helloworld.c: In function 'TmrCtrPwmConfig':
../src/helloworld.c:508:6: warning: unused variable 'NoOfCycles' [-Wunused-variable]
  u8  NoOfCycles;
      ^~~~~~~~~~
../src/helloworld.c:507:6: warning: variable 'DutyCycle' set but not used [-Wunused-but-set-variable]
  u8  DutyCycle;
      ^~~~~~~~~
Finished building: ../src/helloworld.c
 
Building target: us_arm_control_system.elf
Invoking: ARM v7 gcc linker
arm-none-eabi-gcc -mcpu=cortex-a9 -mfpu=vfpv3 -mfloat-abi=hard -Wl,-build-id=none -specs=Xilinx.spec -Wl,-T -Wl,../src/lscript.ld -L../../us_arm_control_system_bsp/ps7_cortexa9_0/lib -o "us_arm_control_system.elf"  ./src/helloworld.o ./src/platform.o   -Wl,--start-group,-lxil,-lgcc,-lc,--end-group
Finished building target: us_arm_control_system.elf
 
Invoking: ARM v7 Print Size
arm-none-eabi-size us_arm_control_system.elf  |tee "us_arm_control_system.elf.size"
   text	   data	    bss	    dec	    hex	filename
  85024	   3448	  23440	 111912	  1b528	us_arm_control_system.elf
Finished building: us_arm_control_system.elf.size
 
00:26:11 **** Incremental Build of configuration Debug for project us_arm_control_system ****
make pre-build main-build 
a9-linaro-pre-build-step
 
make: Nothing to be done for 'main-build'.
00:26:43 **** Auto Build of configuration Debug for project us_arm_control_system ****
make pre-build main-build 
a9-linaro-pre-build-step
 
Building file: ../src/helloworld.c
Invoking: ARM v7 gcc compiler
arm-none-eabi-gcc -Wall -O0 -g3 -c -fmessage-length=0 -MT"src/helloworld.o" -mcpu=cortex-a9 -mfpu=vfpv3 -mfloat-abi=hard -I../../us_arm_control_system_bsp/ps7_cortexa9_0/include -MMD -MP -MF"src/helloworld.d" -MT"src/helloworld.o" -o "src/helloworld.o" "../src/helloworld.c"
In file included from ../src/helloworld.c:44:0:
../../us_arm_control_system_bsp/ps7_cortexa9_0/include/xtime_l.h:87:9: note: #pragma message: For the sleep routines, Global timer is being used
 #pragma message ("For the sleep routines, Global timer is being used")
         ^~~~~~~
../src/helloworld.c: In function 'TmrCtrPwmConfig':
../src/helloworld.c:508:6: warning: unused variable 'NoOfCycles' [-Wunused-variable]
  u8  NoOfCycles;
      ^~~~~~~~~~
../src/helloworld.c:507:6: warning: variable 'DutyCycle' set but not used [-Wunused-but-set-variable]
  u8  DutyCycle;
      ^~~~~~~~~
Finished building: ../src/helloworld.c
 
Building target: us_arm_control_system.elf
Invoking: ARM v7 gcc linker
arm-none-eabi-gcc -mcpu=cortex-a9 -mfpu=vfpv3 -mfloat-abi=hard -Wl,-build-id=none -specs=Xilinx.spec -Wl,-T -Wl,../src/lscript.ld -L../../us_arm_control_system_bsp/ps7_cortexa9_0/lib -o "us_arm_control_system.elf"  ./src/helloworld.o ./src/platform.o   -Wl,--start-group,-lxil,-lgcc,-lc,--end-group
Finished building target: us_arm_control_system.elf
 
Invoking: ARM v7 Print Size
arm-none-eabi-size us_arm_control_system.elf  |tee "us_arm_control_system.elf.size"
   text	   data	    bss	    dec	    hex	filename
  85024	   3448	  23440	 111912	  1b528	us_arm_control_system.elf
Finished building: us_arm_control_system.elf.size
 
00:26:51 **** Auto Build of configuration Debug for project us_arm_control_system ****
make pre-build main-build 
a9-linaro-pre-build-step
 
Building file: ../src/helloworld.c
Invoking: ARM v7 gcc compiler
arm-none-eabi-gcc -Wall -O0 -g3 -c -fmessage-length=0 -MT"src/helloworld.o" -mcpu=cortex-a9 -mfpu=vfpv3 -mfloat-abi=hard -I../../us_arm_control_system_bsp/ps7_cortexa9_0/include -MMD -MP -MF"src/helloworld.d" -MT"src/helloworld.o" -o "src/helloworld.o" "../src/helloworld.c"
In file included from ../src/helloworld.c:44:0:
../../us_arm_control_system_bsp/ps7_cortexa9_0/include/xtime_l.h:87:9: note: #pragma message: For the sleep routines, Global timer is being used
 #pragma message ("For the sleep routines, Global timer is being used")
         ^~~~~~~
../src/helloworld.c: In function 'TmrCtrPwmConfig':
../src/helloworld.c:508:6: warning: unused variable 'NoOfCycles' [-Wunused-variable]
  u8  NoOfCycles;
      ^~~~~~~~~~
../src/helloworld.c:507:6: warning: variable 'DutyCycle' set but not used [-Wunused-but-set-variable]
  u8  DutyCycle;
      ^~~~~~~~~
Finished building: ../src/helloworld.c
 
Building target: us_arm_control_system.elf
Invoking: ARM v7 gcc linker
arm-none-eabi-gcc -mcpu=cortex-a9 -mfpu=vfpv3 -mfloat-abi=hard -Wl,-build-id=none -specs=Xilinx.spec -Wl,-T -Wl,../src/lscript.ld -L../../us_arm_control_system_bsp/ps7_cortexa9_0/lib -o "us_arm_control_system.elf"  ./src/helloworld.o ./src/platform.o   -Wl,--start-group,-lxil,-lgcc,-lc,--end-group
Finished building target: us_arm_control_system.elf
 
Invoking: ARM v7 Print Size
arm-none-eabi-size us_arm_control_system.elf  |tee "us_arm_control_system.elf.size"
   text	   data	    bss	    dec	    hex	filename
  85024	   3448	  23440	 111912	  1b528	us_arm_control_system.elf
Finished building: us_arm_control_system.elf.size
 
00:27:06 **** Incremental Build of configuration Debug for project us_arm_control_system ****
make pre-build main-build 
a9-linaro-pre-build-step
 
make: Nothing to be done for 'main-build'.
00:27:36 **** Auto Build of configuration Debug for project us_arm_control_system ****
make pre-build main-build 
a9-linaro-pre-build-step
 
Building file: ../src/helloworld.c
Invoking: ARM v7 gcc compiler
arm-none-eabi-gcc -Wall -O0 -g3 -c -fmessage-length=0 -MT"src/helloworld.o" -mcpu=cortex-a9 -mfpu=vfpv3 -mfloat-abi=hard -I../../us_arm_control_system_bsp/ps7_cortexa9_0/include -MMD -MP -MF"src/helloworld.d" -MT"src/helloworld.o" -o "src/helloworld.o" "../src/helloworld.c"
In file included from ../src/helloworld.c:44:0:
../../us_arm_control_system_bsp/ps7_cortexa9_0/include/xtime_l.h:87:9: note: #pragma message: For the sleep routines, Global timer is being used
 #pragma message ("For the sleep routines, Global timer is being used")
         ^~~~~~~
../src/helloworld.c: In function 'TmrCtrPwmConfig':
../src/helloworld.c:508:6: warning: unused variable 'NoOfCycles' [-Wunused-variable]
  u8  NoOfCycles;
      ^~~~~~~~~~
../src/helloworld.c:507:6: warning: variable 'DutyCycle' set but not used [-Wunused-but-set-variable]
  u8  DutyCycle;
      ^~~~~~~~~
Finished building: ../src/helloworld.c
 
Building target: us_arm_control_system.elf
Invoking: ARM v7 gcc linker
arm-none-eabi-gcc -mcpu=cortex-a9 -mfpu=vfpv3 -mfloat-abi=hard -Wl,-build-id=none -specs=Xilinx.spec -Wl,-T -Wl,../src/lscript.ld -L../../us_arm_control_system_bsp/ps7_cortexa9_0/lib -o "us_arm_control_system.elf"  ./src/helloworld.o ./src/platform.o   -Wl,--start-group,-lxil,-lgcc,-lc,--end-group
Finished building target: us_arm_control_system.elf
 
Invoking: ARM v7 Print Size
arm-none-eabi-size us_arm_control_system.elf  |tee "us_arm_control_system.elf.size"
   text	   data	    bss	    dec	    hex	filename
  85024	   3448	  23440	 111912	  1b528	us_arm_control_system.elf
Finished building: us_arm_control_system.elf.size
 
00:27:43 **** Auto Build of configuration Debug for project us_arm_control_system ****
make pre-build main-build 
a9-linaro-pre-build-step
 
Building file: ../src/helloworld.c
Invoking: ARM v7 gcc compiler
arm-none-eabi-gcc -Wall -O0 -g3 -c -fmessage-length=0 -MT"src/helloworld.o" -mcpu=cortex-a9 -mfpu=vfpv3 -mfloat-abi=hard -I../../us_arm_control_system_bsp/ps7_cortexa9_0/include -MMD -MP -MF"src/helloworld.d" -MT"src/helloworld.o" -o "src/helloworld.o" "../src/helloworld.c"
In file included from ../src/helloworld.c:44:0:
../../us_arm_control_system_bsp/ps7_cortexa9_0/include/xtime_l.h:87:9: note: #pragma message: For the sleep routines, Global timer is being used
 #pragma message ("For the sleep routines, Global timer is being used")
         ^~~~~~~
../src/helloworld.c: In function 'TmrCtrPwmConfig':
../src/helloworld.c:508:6: warning: unused variable 'NoOfCycles' [-Wunused-variable]
  u8  NoOfCycles;
      ^~~~~~~~~~
../src/helloworld.c:507:6: warning: variable 'DutyCycle' set but not used [-Wunused-but-set-variable]
  u8  DutyCycle;
      ^~~~~~~~~
Finished building: ../src/helloworld.c
 
Building target: us_arm_control_system.elf
Invoking: ARM v7 gcc linker
arm-none-eabi-gcc -mcpu=cortex-a9 -mfpu=vfpv3 -mfloat-abi=hard -Wl,-build-id=none -specs=Xilinx.spec -Wl,-T -Wl,../src/lscript.ld -L../../us_arm_control_system_bsp/ps7_cortexa9_0/lib -o "us_arm_control_system.elf"  ./src/helloworld.o ./src/platform.o   -Wl,--start-group,-lxil,-lgcc,-lc,--end-group
Finished building target: us_arm_control_system.elf
 
Invoking: ARM v7 Print Size
arm-none-eabi-size us_arm_control_system.elf  |tee "us_arm_control_system.elf.size"
   text	   data	    bss	    dec	    hex	filename
  85024	   3448	  23440	 111912	  1b528	us_arm_control_system.elf
Finished building: us_arm_control_system.elf.size
 
00:28:28 **** Auto Build of configuration Debug for project us_arm_control_system ****
make pre-build main-build 
a9-linaro-pre-build-step
 
Building file: ../src/helloworld.c
Invoking: ARM v7 gcc compiler
arm-none-eabi-gcc -Wall -O0 -g3 -c -fmessage-length=0 -MT"src/helloworld.o" -mcpu=cortex-a9 -mfpu=vfpv3 -mfloat-abi=hard -I../../us_arm_control_system_bsp/ps7_cortexa9_0/include -MMD -MP -MF"src/helloworld.d" -MT"src/helloworld.o" -o "src/helloworld.o" "../src/helloworld.c"
In file included from ../src/helloworld.c:44:0:
../../us_arm_control_system_bsp/ps7_cortexa9_0/include/xtime_l.h:87:9: note: #pragma message: For the sleep routines, Global timer is being used
 #pragma message ("For the sleep routines, Global timer is being used")
         ^~~~~~~
../src/helloworld.c: In function 'TmrCtrPwmConfig':
../src/helloworld.c:509:6: warning: unused variable 'NoOfCycles' [-Wunused-variable]
  u8  NoOfCycles;
      ^~~~~~~~~~
../src/helloworld.c:508:6: warning: variable 'DutyCycle' set but not used [-Wunused-but-set-variable]
  u8  DutyCycle;
      ^~~~~~~~~
Finished building: ../src/helloworld.c
 
Building target: us_arm_control_system.elf
Invoking: ARM v7 gcc linker
arm-none-eabi-gcc -mcpu=cortex-a9 -mfpu=vfpv3 -mfloat-abi=hard -Wl,-build-id=none -specs=Xilinx.spec -Wl,-T -Wl,../src/lscript.ld -L../../us_arm_control_system_bsp/ps7_cortexa9_0/lib -o "us_arm_control_system.elf"  ./src/helloworld.o ./src/platform.o   -Wl,--start-group,-lxil,-lgcc,-lc,--end-group
Finished building target: us_arm_control_system.elf
 
Invoking: ARM v7 Print Size
arm-none-eabi-size us_arm_control_system.elf  |tee "us_arm_control_system.elf.size"
   text	   data	    bss	    dec	    hex	filename
  85024	   3448	  23440	 111912	  1b528	us_arm_control_system.elf
Finished building: us_arm_control_system.elf.size
 
00:29:20 **** Auto Build of configuration Debug for project us_arm_control_system ****
make pre-build main-build 
a9-linaro-pre-build-step
 
Building file: ../src/helloworld.c
Invoking: ARM v7 gcc compiler
arm-none-eabi-gcc -Wall -O0 -g3 -c -fmessage-length=0 -MT"src/helloworld.o" -mcpu=cortex-a9 -mfpu=vfpv3 -mfloat-abi=hard -I../../us_arm_control_system_bsp/ps7_cortexa9_0/include -MMD -MP -MF"src/helloworld.d" -MT"src/helloworld.o" -o "src/helloworld.o" "../src/helloworld.c"
In file included from ../src/helloworld.c:44:0:
../../us_arm_control_system_bsp/ps7_cortexa9_0/include/xtime_l.h:87:9: note: #pragma message: For the sleep routines, Global timer is being used
 #pragma message ("For the sleep routines, Global timer is being used")
         ^~~~~~~
../src/helloworld.c: In function 'TmrCtrPwmConfig':
../src/helloworld.c:509:6: warning: unused variable 'NoOfCycles' [-Wunused-variable]
  u8  NoOfCycles;
      ^~~~~~~~~~
../src/helloworld.c:508:6: warning: variable 'DutyCycle' set but not used [-Wunused-but-set-variable]
  u8  DutyCycle;
      ^~~~~~~~~
Finished building: ../src/helloworld.c
 
Building target: us_arm_control_system.elf
Invoking: ARM v7 gcc linker
arm-none-eabi-gcc -mcpu=cortex-a9 -mfpu=vfpv3 -mfloat-abi=hard -Wl,-build-id=none -specs=Xilinx.spec -Wl,-T -Wl,../src/lscript.ld -L../../us_arm_control_system_bsp/ps7_cortexa9_0/lib -o "us_arm_control_system.elf"  ./src/helloworld.o ./src/platform.o   -Wl,--start-group,-lxil,-lgcc,-lc,--end-group
Finished building target: us_arm_control_system.elf
 
Invoking: ARM v7 Print Size
arm-none-eabi-size us_arm_control_system.elf  |tee "us_arm_control_system.elf.size"
   text	   data	    bss	    dec	    hex	filename
  85032	   3448	  23440	 111920	  1b530	us_arm_control_system.elf
Finished building: us_arm_control_system.elf.size
 
00:29:22 **** Incremental Build of configuration Debug for project us_arm_control_system ****
make pre-build main-build 
a9-linaro-pre-build-step
 
make: Nothing to be done for 'main-build'.
